I0101 00:49:32.645129  9099 EngineWrapper.cpp:2865] [_RunWuwRec] [TID1745593424] process_rec nPutSize = 0
I0101 00:49:32.710857   643 asap_alsaaudio.cpp:513] [RecordProxy] [TID1356117072] _FetchAudioSamples copy samples: 3200, CircularBuffer left: 9600
I0101 00:49:32.810406   643 asap_alsaaudio.cpp:513] [RecordProxy] [TID1356117072] _FetchAudioSamples copy samples: 3200, CircularBuffer left: 8000
I0101 00:49:32.910842   643 asap_alsaaudio.cpp:513] [RecordProxy] [TID1356117072] _FetchAudioSamples copy samples: 3200, CircularBuffer left: 6400
I0101 00:49:32.993346  9099 asap_alsaaudio.cpp:1686] [pa_recorder_fetch_data] [TID1745593424] el_recorder_fetch_data *pLen = 3200
I0101 00:49:32.993600  9099 EngineWrapper.cpp:2865] [_RunWuwRec] [TID1745593424] process_rec nPutSize = 0
I0101 00:49:33.009662  9099 asap_alsaaudio.cpp:1686] [pa_recorder_fetch_data] [TID1745593424] el_recorder_fetch_data *pLen = 3200
I0101 00:49:33.011220  9099 EngineWrapper.cpp:2865] [_RunWuwRec] [TID1745593424] process_rec nPutSize = 0
I0101 00:49:33.012545   643 asap_alsaaudio.cpp:513] [RecordProxy] [TID1356117072] _FetchAudioSamples copy samples: 3200, CircularBuffer left: 8000
I0101 00:49:33.027292  9099 asap_alsaaudio.cpp:1686] [pa_recorder_fetch_data] [TID1745593424] el_recorder_fetch_data *pLen = 3200
I0101 00:49:33.027560  9099 EngineWrapper.cpp:2865] [_RunWuwRec] [TID1745593424] process_rec nPutSize = 0
I0101 00:49:33.111098   643 asap_alsaaudio.cpp:513] [RecordProxy] [TID1356117072] _FetchAudioSamples copy samples: 3200, CircularBuffer left: 8000
I0101 00:49:33.210754   643 asap_alsaaudio.cpp:513] [RecordProxy] [TID1356117072] _FetchAudioSamples copy samples: 3200, CircularBuffer left: 6400
I0101 00:49:33.310583   643 asap_alsaaudio.cpp:513] [RecordProxy] [TID1356117072] _FetchAudioSamples copy samples: 3200, CircularBuffer left: 4800
I0101 00:49:33.386410  9099 asap_alsaaudio.cpp:1686] [pa_recorder_fetch_data] [TID1745593424] el_recorder_fetch_data *pLen = 3200
I0101 00:49:33.386703  9099 EngineWrapper.cpp:2865] [_RunWuwRec] [TID1745593424] process_rec nPutSize = 0
I0101 00:49:33.401818  9099 asap_alsaaudio.cpp:1686] [pa_recorder_fetch_data] [TID1745593424] el_recorder_fetch_data *pLen = 3200
I0101 00:49:33.402099  9099 EngineWrapper.cpp:2865] [_RunWuwRec] [TID1745593424] process_rec nPutSize = 0
I0101 00:49:33.410763   643 asap_alsaaudio.cpp:513] [RecordProxy] [TID1356117072] _FetchAudioSamples copy samples: 3200, CircularBuffer left: 6400
I0101 00:49:33.510267   643 asap_alsaaudio.cpp:513] [RecordProxy] [TID1356117072] _FetchAudioSamples copy samples: 3200, CircularBuffer left: 4800
I0101 00:49:33.610806   643 asap_alsaaudio.cpp:513] [RecordProxy] [TID1356117072] _FetchAudioSamples copy samples: 3200, CircularBuffer left: 3200
I0101 00:49:33.672881  9099 asap_alsaaudio.cpp:1686] [pa_recorder_fetch_data] [TID1745593424] el_recorder_fetch_data *pLen = 3200
I0101 00:49:33.673027  9099 EngineWrapper.cpp:2865] [_RunWuwRec] [TID1745593424] process_rec nPutSize = 0
I0101 00:49:33.680794  9099 asap_alsaaudio.cpp:1686] [pa_recorder_fetch_data] [TID1745593424] el_recorder_fetch_data *pLen = 3200
I0101 00:49:33.681166  9099 EngineWrapper.cpp:2865] [_RunWuwRec] [TID1745593424] process_rec nPutSize = 0
I0101 00:49:33.710772   643 asap_alsaaudio.cpp:513] [RecordProxy] [TID1356117072] _FetchAudioSamples copy samples: 3200, CircularBuffer left: 4800
I0101 00:49:33.810737   643 asap_alsaaudio.cpp:513] [RecordProxy] [TID1356117072] _FetchAudioSamples copy samples: 3200, CircularBuffer left: 3200
I0101 00:49:33.910501   643 asap_alsaaudio.cpp:513] [RecordProxy] [TID1356117072] _FetchAudioSamples copy samples: 3200, CircularBuffer left: 1600
I0101 00:49:34.010900   643 asap_alsaaudio.cpp:513] [RecordProxy] [TID1356117072] _FetchAudioSamples copy samples: 3200, CircularBuffer left: 0
I0101 00:49:34.112045   643 asap_alsaaudio.cpp:513] [RecordProxy] [TID1356117072] _FetchAudioSamples copy samples: 3200, CircularBuffer left: 0
I0101 00:49:34.147205  9099 asap_alsaaudio.cpp:1686] [pa_recorder_fetch_data] [TID1745593424] el_recorder_fetch_data *pLen = 3200
I0101 00:49:34.147941  9099 EngineWrapper.cpp:2865] [_RunWuwRec] [TID1745593424] process_rec nPutSize = 0
I0101 00:49:34.159319  9099 asap_alsaaudio.cpp:1686] [pa_recorder_fetch_data] [TID1745593424] el_recorder_fetch_data *pLen = 3200
I0101 00:49:34.159592  9099 EngineWrapper.cpp:2865] [_RunWuwRec] [TID1745593424] process_rec nPutSize = 0
I0101 00:49:34.190518  9099 asap_alsaaudio.cpp:1686] [pa_recorder_fetch_data] [TID1745593424] el_recorder_fetch_data *pLen = 3200
I0101 00:49:34.190706  9099 EngineWrapper.cpp:2865] [_RunWuwRec] [TID1745593424] process_rec nPutSize = 0
I0101 00:49:34.210721   643 asap_alsaaudio.cpp:513] [RecordProxy] [TID1356117072] _FetchAudioSamples copy samples: 3200, CircularBuffer left: 3200
I0101 00:49:34.311074   643 asap_alsaaudio.cpp:513] [RecordProxy] [TID1356117072] _FetchAudioSamples copy samples: 3200, CircularBuffer left: 1600
I0101 00:49:34.410532   643 asap_alsaaudio.cpp:513] [RecordProxy] [TID1356117072] _FetchAudioSamples copy samples: 3200, CircularBuffer left: 0
I0101 00:49:34.493371  9099 asap_alsaaudio.cpp:1686] [pa_recorder_fetch_data] [TID1745593424] el_recorder_fetch_data *pLen = 3200
I0101 00:49:34.494050  9099 EngineWrapper.cpp:2865] [_RunWuwRec] [TID1745593424] process_rec nPutSize = 0
I0101 00:49:34.510319   643 asap_alsaaudio.cpp:513] [RecordProxy] [TID1356117072] _FetchAudioSamples copy samples: 3200, CircularBuffer left: 0
I0101 00:49:34.515027  9099 asap_alsaaudio.cpp:1686] [pa_recorder_fetch_data] [TID1745593424] el_recorder_fetch_data *pLen = 3200
I0101 00:49:34.515147  9099 EngineWrapper.cpp:2865] [_RunWuwRec] [TID1745593424] process_rec nPutSize = 0
I0101 00:49:34.610712   643 asap_alsaaudio.cpp:513] [RecordProxy] [TID1356117072] _FetchAudioSamples copy samples: 3200, CircularBuffer left: 0
I0101 00:49:34.712982   643 asap_alsaaudio.cpp:513] [RecordProxy] [TID1356117072] _FetchAudioSamples copy samples: 3200, CircularBuffer left: 0
I0101 00:49:34.811302   643 asap_alsaaudio.cpp:513] [RecordProxy] [TID1356117072] _FetchAudioSamples copy samples: 3200, CircularBuffer left: 0
I0101 00:49:34.897500  9099 asap_alsaaudio.cpp:1686] [pa_recorder_fetch_data] [TID1745593424] el_recorder_fetch_data *pLen = 3200
I0101 00:49:34.897735  9099 EngineWrapper.cpp:2865] [_RunWuwRec] [TID1745593424] process_rec nPutSize = 0
I0101 00:49:34.904976  9099 asap_alsaaudio.cpp:1686] [pa_recorder_fetch_data] [TID1745593424] el_recorder_fetch_data *pLen = 3200
I0101 00:49:34.905258  9099 EngineWrapper.cpp:2865] [_RunWuwRec] [TID1745593424] process_rec nPutSize = 0
I0101 00:49:34.910565   643 asap_alsaaudio.cpp:513] [RecordProxy] [TID1356117072] _FetchAudioSamples copy samples: 3200, CircularBuffer left: 1600
I0101 00:49:34.921532  9099 asap_alsaaudio.cpp:1686] [pa_recorder_fetch_data] [TID1745593424] el_recorder_fetch_data *pLen = 3200
I0101 00:49:34.921883  9099 EngineWrapper.cpp:2865] [_RunWuwRec] [TID1745593424] process_rec nPutSize = 0
I0101 00:49:35.011183   643 asap_alsaaudio.cpp:513] [RecordProxy] [TID1356117072] _FetchAudioSamples copy samples: 3200, CircularBuffer left: 1600
I0101 00:49:35.110863   643 asap_alsaaudio.cpp:513] [RecordProxy] [TID1356117072] _FetchAudioSamples copy samples: 3200, CircularBuffer left: 0
I0101 00:49:35.196878  9099 asap_alsaaudio.cpp:1686] [pa_recorder_fetch_data] [TID1745593424] el_recorder_fetch_data *pLen = 3200
I0101 00:49:35.197141  9099 EngineWrapper.cpp:2865] [_RunWuwRec] [TID1745593424] process_rec nPutSize = 0
I0101 00:49:35.221194  9099 asap_alsaaudio.cpp:1686] [pa_recorder_fetch_data] [TID1745593424] el_recorder_fetch_data *pLen = 3200
I0101 00:49:35.221489  9099 EngineWrapper.cpp:2865] [_RunWuwRec] [TID1745593424] process_rec nPutSize = 0
I0101 00:49:35.222513   643 asap_alsaaudio.cpp:513] [RecordProxy] [TID1356117072] _FetchAudioSamples copy samples: 3200, CircularBuffer left: 1600
I0101 00:49:35.310264   643 asap_alsaaudio.cpp:513] [RecordProxy] [TID1356117072] _FetchAudioSamples copy samples: 3200, CircularBuffer left: 0
I0101 00:49:35.411556   643 asap_alsaaudio.cpp:513] [RecordProxy] [TID1356117072] _FetchAudioSamples copy samples: 3200, CircularBuffer left: 0
I0101 00:49:35.473595  9099 asap_alsaaudio.cpp:1686] [pa_recorder_fetch_data] [TID1745593424] el_recorder_fetch_data *pLen = 3200
I0101 00:49:35.473778  9099 EngineWrapper.cpp:2865] [_RunWuwRec] [TID1745593424] process_rec nPutSize = 0
I0101 00:49:35.480398  9099 asap_alsaaudio.cpp:1686] [pa_recorder_fetch_data] [TID1745593424] el_recorder_fetch_data *pLen = 3200
I0101 00:49:35.480664  9099 EngineWrapper.cpp:2865] [_RunWuwRec] [TID1745593424] process_rec nPutSize = 0
I0101 00:49:35.510960   643 asap_alsaaudio.cpp:513] [RecordProxy] [TID1356117072] _FetchAudioSamples copy samples: 3200, CircularBuffer left: 1600
I0101 00:49:35.610991   643 asap_alsaaudio.cpp:513] [RecordProxy] [TID1356117072] _FetchAudioSamples copy samples: 3200, CircularBuffer left: 0
I0101 00:49:35.641685  9099 asap_alsaaudio.cpp:1686] [pa_recorder_fetch_data] [TID1745593424] el_recorder_fetch_data *pLen = 3200
I0101 00:49:35.641902  9099 EngineWrapper.cpp:2865] [_RunWuwRec] [TID1745593424] process_rec nPutSize = 0
I0101 00:49:35.648836  9099 asap_alsaaudio.cpp:1686] [pa_recorder_fetch_data] [TID1745593424] el_recorder_fetch_data *pLen = 3200
I0101 00:49:35.649093  9099 EngineWrapper.cpp:2865] [_RunWuwRec] [TID1745593424] process_rec nPutSize = 0
I0101 00:49:35.656972  9099 asap_alsaaudio.cpp:1686] [pa_recorder_fetch_data] [TID1745593424] el_recorder_fetch_data *pLen = 3200
I0101 00:49:35.657251  9099 EngineWrapper.cpp:2865] [_RunWuwRec] [TID1745593424] process_rec nPutSize = 0
I0101 00:49:35.710718   643 asap_alsaaudio.cpp:513] [RecordProxy] [TID1356117072] _FetchAudioSamples copy samples: 3200, CircularBuffer left: 3200
I0101 00:49:35.811046   643 asap_alsaaudio.cpp:513] [RecordProxy] [TID1356117072] _FetchAudioSamples copy samples: 3200, CircularBuffer left: 1600
I0101 00:49:35.821749  9099 asap_alsaaudio.cpp:1686] [pa_recorder_fetch_data] [TID1745593424] el_recorder_fetch_data *pLen = 3200
I0101 00:49:35.821961  9099 EngineWrapper.cpp:2865] [_RunWuwRec] [TID1745593424] process_rec nPutSize = 0
I0101 00:49:35.828408  9099 asap_alsaaudio.cpp:1686] [pa_recorder_fetch_data] [TID1745593424] el_recorder_fetch_data *pLen = 3200
I0101 00:49:35.828824  9099 EngineWrapper.cpp:2865] [_RunWuwRec] [TID1745593424] process_rec nPutSize = 0
I0101 00:49:35.910488   643 asap_alsaaudio.cpp:513] [RecordProxy] [TID1356117072] _FetchAudioSamples copy samples: 3200, CircularBuffer left: 3200
I0101 00:49:35.996536  9099 asap_alsaaudio.cpp:1686] [pa_recorder_fetch_data] [TID1745593424] el_recorder_fetch_data *pLen = 3200
I0101 00:49:35.996757  9099 EngineWrapper.cpp:2865] [_RunWuwRec] [TID1745593424] process_rec nPutSize = 0
I0101 00:49:36.004468  9099 asap_alsaaudio.cpp:1686] [pa_recorder_fetch_data] [TID1745593424] el_recorder_fetch_data *pLen = 3200
I0101 00:49:36.004727  9099 EngineWrapper.cpp:2865] [_RunWuwRec] [TID1745593424] process_rec nPutSize = 0
I0101 00:49:36.010447   643 asap_alsaaudio.cpp:513] [RecordProxy] [TID1356117072] _FetchAudioSamples copy samples: 3200, CircularBuffer left: 4800
I0101 00:49:36.015686  9099 asap_alsaaudio.cpp:1686] [pa_recorder_fetch_data] [TID1745593424] el_recorder_fetch_data *pLen = 3200
I0101 00:49:36.015902  9099 EngineWrapper.cpp:2865] [_RunWuwRec] [TID1745593424] process_rec nPutSize = 0
I0101 00:49:36.110563   643 asap_alsaaudio.cpp:513] [RecordProxy] [TID1356117072] _FetchAudioSamples copy samples: 3200, CircularBuffer left: 4800
I0101 00:49:36.210408   643 asap_alsaaudio.cpp:513] [RecordProxy] [TID1356117072] _FetchAudioSamples copy samples: 3200, CircularBuffer left: 3200
I0101 00:49:36.310930   643 asap_alsaaudio.cpp:513] [RecordProxy] [TID1356117072] _FetchAudioSamples copy samples: 3200, CircularBuffer left: 1600
I0101 00:49:36.322976  9099 asap_alsaaudio.cpp:1686] [pa_recorder_fetch_data] [TID1745593424] el_recorder_fetch_data *pLen = 3200
I0101 00:49:36.323232  9099 EngineWrapper.cpp:2865] [_RunWuwRec] [TID1745593424] process_rec nPutSize = 0
I0101 00:49:36.348780  9099 asap_alsaaudio.cpp:1686] [pa_recorder_fetch_data] [TID1745593424] el_recorder_fetch_data *pLen = 3200
I0101 00:49:36.348994  9099 EngineWrapper.cpp:2865] [_RunWuwRec] [TID1745593424] process_rec nPutSize = 0
I0101 00:49:36.410850   643 asap_alsaaudio.cpp:513] [RecordProxy] [TID1356117072] _FetchAudioSamples copy samples: 3200, CircularBuffer left: 3200
I0101 00:49:36.510860   643 asap_alsaaudio.cpp:513] [RecordProxy] [TID1356117072] _FetchAudioSamples copy samples: 3200, CircularBuffer left: 1600
I0101 00:49:36.590517  9099 asap_alsaaudio.cpp:1686] [pa_recorder_fetch_data] [TID1745593424] el_recorder_fetch_data *pLen = 3200
I0101 00:49:36.590771  9099 EngineWrapper.cpp:2865] [_RunWuwRec] [TID1745593424] process_rec nPutSize = 0
I0101 00:49:36.598161  9099 asap_alsaaudio.cpp:1686] [pa_recorder_fetch_data] [TID1745593424] el_recorder_fetch_data *pLen = 3200
I0101 00:49:36.598383  9099 EngineWrapper.cpp:2865] [_RunWuwRec] [TID1745593424] process_rec nPutSize = 0
I0101 00:49:36.610561   643 asap_alsaaudio.cpp:513] [RecordProxy] [TID1356117072] _FetchAudioSamples copy samples: 3200, CircularBuffer left: 3200
I0101 00:49:36.710402   643 asap_alsaaudio.cpp:513] [RecordProxy] [TID1356117072] _FetchAudioSamples copy samples: 3200, CircularBuffer left: 1600
I0101 00:49:36.810683   643 asap_alsaaudio.cpp:513] [RecordProxy] [TID1356117072] _FetchAudioSamples copy samples: 3200, CircularBuffer left: 0
I0101 00:49:36.813341  9099 asap_alsaaudio.cpp:1686] [pa_recorder_fetch_data] [TID1745593424] el_recorder_fetch_data *pLen = 3200
I0101 00:49:36.813560  9099 EngineWrapper.cpp:2865] [_RunWuwRec] [TID1745593424] process_rec nPutSize = 0
I0101 00:49:36.821256  9099 asap_alsaaudio.cpp:1686] [pa_recorder_fetch_data] [TID1745593424] el_recorder_fetch_data *pLen = 3200
I0101 00:49:36.821504  9099 EngineWrapper.cpp:2865] [_RunWuwRec] [TID1745593424] process_rec nPutSize = 0
I0101 00:49:36.829375  9099 asap_alsaaudio.cpp:1686] [pa_recorder_fetch_data] [TID1745593424] el_recorder_fetch_data *pLen = 3200
I0101 00:49:36.830502  9099 EngineWrapper.cpp:2865] [_RunWuwRec] [TID1745593424] process_rec nPutSize = 0
I0101 00:49:36.913043   643 asap_alsaaudio.cpp:513] [RecordProxy] [TID1356117072] _FetchAudioSamples copy samples: 3200, CircularBuffer left: 3200
I0101 00:49:37.010545   643 asap_alsaaudio.cpp:513] [RecordProxy] [TID1356117072] _FetchAudioSamples copy samples: 3200, CircularBuffer left: 1600
I0101 00:49:37.024965  9099 VADFilterGen2.cpp:55] [VADFilterGen2] [TID1745593424] Close
I0101 00:49:37.025125  9099 VADFilterGen2.cpp:58] [VADFilterGen2] [TID1745593424] DestroyVADHandle begin
I0101 00:49:37.025398  9099 VADFilterGen2.cpp:60] [VADFilterGen2] [TID1745593424] DestroyVADHandle end
I0101 00:49:37.025511  9099 asap_alsaaudio.cpp:1514] [pa_recorder_stop] [TID1745593424] pa_recorder_stop ...
I0101 00:49:37.025585  9099 asap_alsaaudio.cpp:347] [RecordProxy] [TID1745593424] Set request_stop !!!
I0101 00:49:37.025655  9099 asap_alsaaudio.cpp:358] [RecordProxy] [TID1745593424] RecordProxy::Stop set pEvStopRecording ...
I0101 00:49:37.025718  9099 EngineWrapper.cpp:2930] [_RunWuwRec] [TID1745593424] audioin_Stop* OK!
I0101 00:49:37.025794  9099 ASRWakeup.cpp:127] [asr_wakeup] [TID1745593424] get result
I0101 00:49:37.025969  9099 asap_alsaaudio.cpp:1445] [pa_recorder_close] [TID1745593424] pa_recorder_close ...
I0101 00:49:37.026044  9099 EngineWrapper.cpp:2965] [_RunWuwRec] [TID1745593424] audioin_Close* OK!
I0101 00:49:37.026168  9099 EngineWrapper.cpp:525] [ASRRec] [TID1745593424] Thread _ProcessWuw _RunWuwRec out stop set before ...
I0101 00:49:37.026257  9099 EngineWrapper.cpp:529] [ASRRec] [TID1745593424] Thread _ProcessWuw _RunWuwRec out stop set leave ...
I0101 00:49:37.027545   550 Connection.cpp:209] [Connection] [TID1621763152] [Sockfd 5]Connection::_SendLoop Send OK!
I0101 00:49:37.027902   542 PoeTaskManager.cpp:608] [PoeTaskManager] [TID1680483408] [Sockfd 5]SendTask OK! ProcessSend, len = 67, timespan = 946 us
I0101 00:49:37.028767  8847 Main.cpp:593] [POEMain] [TID1703650384] [Sockfd 7]Received request MSG_ID_CALL, len = 38, nPkgID = 883
I0101 00:49:37.029263  8847 MsgDispatcher.cpp:447] [MsgDispatcher] [TID1703650384] [Requester Sockfd 7 => Provider Sockfd 10] iCallId = 882, call method = dm.wuw_result
I0101 00:49:37.030596   573 Connection.cpp:209] [Connection] [TID1499776080] [Sockfd 10]Connection::_SendLoop Send OK!
I0101 00:49:37.031008   443 Main.cpp:696] [POEMain] [TID1805116496] [Sockfd 10]Sent request MSG_ID_CALL, len = 38, nPkgID = 883
I0101 00:49:37.031095   443 PoeTaskManager.cpp:608] [PoeTaskManager] [TID1805116496] [Sockfd 10]SendTask OK! ProcessSend, len = 67, timespan = 1009 us
I0101 00:49:37.031637  8191 RpcEntryImpl.cpp:364] [RpcEntryImpl] [TID1954542672] [Client ScriptEngine] [Sockfd 8]Received server request packet, body len = 63
I0101 00:49:37.031805  8191 RpcEntryImpl.cpp:372] [RpcEntryImpl] [TID1954542672] [Client ScriptEngine] [Sockfd 8]Received request MSG_ID_CALL, len = 38, nPkgID = 883
I0101 00:49:37.032136  8191 RpcHandler.cpp:204] [RpcHandler] [TID1954542672] RpcHandler::Process method = dm.wuw_result begin ...
I0101 00:49:37.032408  8191 pythonengine.cpp:1035] [PyEngine] [TID1954542672] PyEngine::Call name = dm.wuw_result, script = ngi2
I0101 00:49:37.032613  8191 pythonengine.cpp:453] [PyScriptInstance] [TID1954542672] PyScriptInstance::Call dm.wuw_result
I0101 00:49:37.032716  8191 pythonengine.cpp:403] [PyScriptInstance] [TID1954542672] GetMethodHandler : dm.wuw_result
I0101 00:49:37.032920  8191 pythonengine.cpp:492] [PyScriptInstance] [TID1954542672] PyScriptInstance::InternalCallPythonFunction: _on_wuw_result
I0101 00:49:37.127414  8191 pythonengine.cpp:1956] [PyEngine_callFunction] [TID1954542672] PyEngine PyEngine_callFunction! script = ngi2, function = asr.reset_rec_params
I0101 00:49:37.128247  8191 pythonengine.cpp:1799] [CallRemoteFunction] [TID1954542672] pythonengine RawCall timeout millseconds = 0
I0101 00:49:37.129376  8191 pythonengine.cpp:1821] [CallRemoteFunction] [TID1954542672] pythonengine sent the call <asr.reset_rec_params> ...
I0101 00:49:37.129732   571 Connection.cpp:209] [Connection] [TID1516553296] [Sockfd 8]Connection::_SendLoop Send OK!
I0101 00:49:37.130097  8295 PoeTaskManager.cpp:608] [PoeTaskManager] [TID1737204816] [Sockfd 8]SendTask OK! ProcessSend, len = 75, timespan = 1077 us
I0101 00:49:37.141013  8847 Main.cpp:593] [POEMain] [TID1703650384] [Sockfd 10]Received request MSG_ID_CALL, len = 46, nPkgID = 786
I0101 00:49:37.142097  8847 MsgDispatcher.cpp:447] [MsgDispatcher] [TID1703650384] [Requester Sockfd 10 => Provider Sockfd 7] iCallId = 785, call method = asr.reset_rec_params
I0101 00:49:37.145359   552 Connection.cpp:209] [Connection] [TID1604985936] [Sockfd 7]Connection::_SendLoop Send OK!
I0101 00:49:37.146697   543 RpcEntryImpl.cpp:364] [RpcEntryImpl] [TID1672094800] [Client ModuleManager] [Sockfd 5]Received server request packet, body len = 71
I0101 00:49:37.146922   543 RpcEntryImpl.cpp:372] [RpcEntryImpl] [TID1672094800] [Client ModuleManager] [Sockfd 5]Received request MSG_ID_CALL, len = 46, nPkgID = 786
I0101 00:49:37.147406   543 RpcHandler.cpp:204] [RpcHandler] [TID1672094800] RpcHandler::Process method = asr.reset_rec_params begin ...
I0101 00:49:37.147763   543 RpcHandler.cpp:258] [RpcHandler] [TID1672094800] RpcHandler::Process method = asr.reset_rec_params end ...
I0101 00:49:37.148222   443 Main.cpp:696] [POEMain] [TID1805116496] [Sockfd 7]Sent request MSG_ID_CALL, len = 46, nPkgID = 786
I0101 00:49:37.148316   443 PoeTaskManager.cpp:608] [PoeTaskManager] [TID1805116496] [Sockfd 7]SendTask OK! ProcessSend, len = 75, timespan = 3820 us
I0101 00:49:37.148989   550 Connection.cpp:209] [Connection] [TID1621763152] [Sockfd 5]Connection::_SendLoop Send OK!
I0101 00:49:37.149241   542 PoeTaskManager.cpp:608] [PoeTaskManager] [TID1680483408] [Sockfd 5]SendTask OK! ProcessSend, len = 34, timespan = 3136 us
I0101 00:49:37.149788  8847 Main.cpp:554] [POEMain] [TID1703650384] [Sockfd 7]Received response MSG_ID_CALL, len = 7, nPkgID = 786
I0101 00:49:37.150418  8847 MsgDispatcher.cpp:566] [MsgDispatcher] [TID1703650384] [Provider Sockfd 7 => Requestor Sockfd 10] iCallId = 785, iCallIndex = -1
I0101 00:49:37.150765  8847 MsgDispatcher.cpp:576] [MsgDispatcher] [TID1703650384] [Provider Sockfd 7 => Requestor Sockfd 10] method = asr.reset_rec_params
I0101 00:49:37.156704   573 Connection.cpp:209] [Connection] [TID1499776080] [Sockfd 10]Connection::_SendLoop Send OK!
I0101 00:49:37.157495   443 Main.cpp:665] [POEMain] [TID1805116496] [Sockfd 10]Sent response MSG_ID_CALL, len = 7, nPkgID = 786
I0101 00:49:37.157650   443 PoeTaskManager.cpp:608] [PoeTaskManager] [TID1805116496] [Sockfd 10]SendTask OK! ProcessSend, len = 34, timespan = 6567 us
I0101 00:49:37.159365   628 RpcEntryImpl.cpp:334] [RpcEntryImpl] [TID1481946192] [Client ScriptEngine] [Sockfd 8]Received response MSG_ID_CALL, len = 7, nPkgID = 786
I0101 00:49:37.160557  8191 pythonengine.cpp:1829] [CallRemoteFunction] [TID1954542672] pythonengine recieved the call result of <asr.reset_rec_params> ...
I0101 00:49:37.161000  8191 pythonengine.cpp:1958] [PyEngine_callFunction] [TID1954542672] PyEngine PyEngine_callFunction OK! script = ngi2, function = asr.reset_rec_params
I0101 00:49:37.204625  8191 pythonengine.cpp:585] [PyScriptInstance] [TID1954542672] PyScriptInstance::InternalCallPythonFunction _on_wuw_result OK!!!
I0101 00:49:37.205206  8191 RpcHandler.cpp:258] [RpcHandler] [TID1954542672] RpcHandler::Process method = dm.wuw_result end ...
I0101 00:49:37.206792   571 Connection.cpp:209] [Connection] [TID1516553296] [Sockfd 8]Connection::_SendLoop Send OK!
I0101 00:49:37.207154  8295 PoeTaskManager.cpp:608] [PoeTaskManager] [TID1737204816] [Sockfd 8]SendTask OK! ProcessSend, len = 34, timespan = 175879 us
I0101 00:49:37.208093  8847 Main.cpp:554] [POEMain] [TID1703650384] [Sockfd 10]Received response MSG_ID_CALL, len = 7, nPkgID = 883
I0101 00:49:37.208987  8847 MsgDispatcher.cpp:566] [MsgDispatcher] [TID1703650384] [Provider Sockfd 10 => Requestor Sockfd 7] iCallId = 882, iCallIndex = -1
I0101 00:49:37.210489  8847 MsgDispatcher.cpp:576] [MsgDispatcher] [TID1703650384] [Provider Sockfd 10 => Requestor Sockfd 7] method = dm.wuw_result
I0101 00:49:37.212985   552 Connection.cpp:209] [Connection] [TID1604985936] [Sockfd 7]Connection::_SendLoop Send OK!
I0101 00:49:37.213767   443 Main.cpp:665] [POEMain] [TID1805116496] [Sockfd 7]Sent response MSG_ID_CALL, len = 7, nPkgID = 883
I0101 00:49:37.213913   443 PoeTaskManager.cpp:608] [PoeTaskManager] [TID1805116496] [Sockfd 7]SendTask OK! ProcessSend, len = 34, timespan = 2917 us
I0101 00:49:37.213990   543 RpcEntryImpl.cpp:334] [RpcEntryImpl] [TID1672094800] [Client ModuleManager] [Sockfd 5]Received response MSG_ID_CALL, len = 7, nPkgID = 883
I0101 00:49:37.214751  9099 ASREngine.cpp:5210] [ASREngine] [TID1745593424] dm.wuw_result has no result.
I0101 00:49:37.215088  9099 ContextProfile.cpp:1841] [ContextProfileManager] [TID1745593424] SwitchProfile profile = wuw, current = wuw
I0101 00:49:37.215248  9099 EngineWrapper.cpp:2543] [_RunWuwRec] [TID1745593424] ......being......
I0101 00:49:37.215343  9099 EngineWrapper.cpp:2567] [_RunWuwRec] [TID1745593424] Get AcMod info! sampleFreq = 16000, frameShiftSamples = 24
I0101 00:49:37.215461  9099 EngineWrapper.cpp:2588] [_RunWuwRec] [TID1745593424] audioinFrameSizeInSamples = 1600
I0101 00:49:37.215553  9099 EngineWrapper.cpp:2599] [_RunWuwRec] [TID1745593424] Got ASAP_ASR_ENABLE_VAD = 0
I0101 00:49:37.215770  9099 EngineWrapper.cpp:2660] [_RunWuwRec] [TID1745593424] enable_vad = 0, vad_threshold = 0.12, vad_silence_threshold = 0.05
I0101 00:49:37.215935  9099 VADFilterGen2.cpp:36] [VADFilterGen2] [TID1745593424] Open
I0101 00:49:37.216050  9099 VADFilterGen2.cpp:46] [VADFilterGen2] [TID1745593424] CreateVADHandle begin
I0101 00:49:37.216677  9099 VADFilterGen2.cpp:48] [VADFilterGen2] [TID1745593424] CreateVADHandle end
I0101 00:49:37.216800  9099 ASRWakeup.cpp:98] [asr_wakeup] [TID1745593424] reset wakeup
I0101 00:49:37.216995  9099 asap_alsaaudio.cpp:1334] [pa_recorder_open] [TID1745593424] pa_recorder_open, device = hw:2,0, pRecordedFileName = <null>, timeout = 0
I0101 00:49:37.217128  9099 EngineWrapper.cpp:2753] [_RunWuwRec] [TID1745593424] audioin_Open* OK!
I0101 00:49:37.217188  9099 EngineWrapper.cpp:2757] [_RunWuwRec] [TID1745593424] recognizer_startSession begin
I0101 00:49:37.217241  9099 EngineWrapper.cpp:2759] [_RunWuwRec] [TID1745593424] audioin_Start* begin!
I0101 00:49:37.217288  9099 asap_alsaaudio.cpp:1484] [pa_recorder_start] [TID1745593424] pa_recorder_start ...
I0101 00:49:37.217351  9099 asap_alsaaudio.cpp:316] [RecordProxy] [TID1745593424] RecordProxy::Start reset pEvStopRecording ...
I0101 00:49:37.217406  9099 asap_alsaaudio.cpp:321] [RecordProxy] [TID1745593424] RecordProxy::Start reset pEvStopped ...
I0101 00:49:37.217458  9099 EngineWrapper.cpp:2773] [_RunWuwRec] [TID1745593424] audioin_Start* end!
I0101 00:49:37.217506  9099 EngineWrapper.cpp:2780] [_RunWuwRec] [TID1745593424] Stop m_rec_timer.
I0101 00:49:37.217566  9099 EngineWrapper.cpp:2783] [_RunWuwRec] [TID1745593424] Stop m_ldsil_timer.
I0101 00:49:37.219303  9099 asap_alsaaudio.cpp:1686] [pa_recorder_fetch_data] [TID1745593424] el_recorder_fetch_data *pLen = 3200
I0101 00:49:37.219468  9099 EngineWrapper.cpp:2865] [_RunWuwRec] [TID1745593424] process_rec nPutSize = 0
I0101 00:49:37.232455  9099 asap_alsaaudio.cpp:1686] [pa_recorder_fetch_data] [TID1745593424] el_recorder_fetch_data *pLen = 3200
I0101 00:49:37.232897  9099 EngineWrapper.cpp:2865] [_RunWuwRec] [TID1745593424] process_rec nPutSize = 0
I0101 00:49:37.287019  9099 asap_alsaaudio.cpp:1686] [pa_recorder_fetch_data] [TID1745593424] el_recorder_fetch_data *pLen = 3200
I0101 00:49:37.288218  9099 EngineWrapper.cpp:2865] [_RunWuwRec] [TID1745593424] process_rec nPutSize = 0
I0101 00:49:37.295938 12097 pythonengine.cpp:1956] [PyEngine_callFunction] [TID1822192720] PyEngine PyEngine_callFunction! script = ngi2, function = asr.stop_wuw
I0101 00:49:37.296702 12097 pythonengine.cpp:1799] [CallRemoteFunction] [TID1822192720] pythonengine RawCall timeout millseconds = 0
I0101 00:49:37.298141 12097 pythonengine.cpp:1821] [CallRemoteFunction] [TID1822192720] pythonengine sent the call <asr.stop_wuw> ...
I0101 00:49:37.298565   571 Connection.cpp:209] [Connection] [TID1516553296] [Sockfd 8]Connection::_SendLoop Send OK!
I0101 00:49:37.298810  8295 PoeTaskManager.cpp:608] [PoeTaskManager] [TID1737204816] [Sockfd 8]SendTask OK! ProcessSend, len = 72, timespan = 1083 us
I0101 00:49:37.300271  8847 Main.cpp:593] [POEMain] [TID1703650384] [Sockfd 10]Received request MSG_ID_CALL, len = 43, nPkgID = 787
I0101 00:49:37.300746  8847 MsgDispatcher.cpp:447] [MsgDispatcher] [TID1703650384] [Requester Sockfd 10 => Provider Sockfd 7] iCallId = 786, call method = asr.stop_wuw
I0101 00:49:37.302410   552 Connection.cpp:209] [Connection] [TID1604985936] [Sockfd 7]Connection::_SendLoop Send OK!
I0101 00:49:37.302865   443 Main.cpp:696] [POEMain] [TID1805116496] [Sockfd 7]Sent request MSG_ID_CALL, len = 43, nPkgID = 787
I0101 00:49:37.303023   443 PoeTaskManager.cpp:608] [PoeTaskManager] [TID1805116496] [Sockfd 7]SendTask OK! ProcessSend, len = 72, timespan = 1481 us
I0101 00:49:37.303397   543 RpcEntryImpl.cpp:364] [RpcEntryImpl] [TID1672094800] [Client ModuleManager] [Sockfd 5]Received server request packet, body len = 68
I0101 00:49:37.303550   543 RpcEntryImpl.cpp:372] [RpcEntryImpl] [TID1672094800] [Client ModuleManager] [Sockfd 5]Received request MSG_ID_CALL, len = 43, nPkgID = 787
I0101 00:49:37.303951   543 RpcHandler.cpp:204] [RpcHandler] [TID1672094800] RpcHandler::Process method = asr.stop_wuw begin ...
I0101 00:49:37.304177   543 ASREngine.cpp:5254] [ASREngine] [TID1672094800] ASAPStopWUW
I0101 00:49:37.304358   543 EngineWrapper.cpp:597] [ASRRec] [TID1672094800] ASRRec::StopWuw start ...
I0101 00:49:37.304464   543 EngineWrapper.cpp:447] [ASRRec] [TID1672094800] ASRRec::Stop() ...
I0101 00:49:37.304617   543 EngineWrapper.cpp:461] [ASRRec] [TID1672094800] ASRRec::Stop() wait  before ...
I0101 00:49:37.310559   643 asap_alsaaudio.cpp:513] [RecordProxy] [TID1356117072] _FetchAudioSamples copy samples: 3200, CircularBuffer left: 4800
I0101 00:49:37.310772   643 asap_alsaaudio.cpp:457] [RecordProxy] [TID1356117072] _FetchAudioSamples ...
I0101 00:49:37.310835   643 asap_alsaaudio.cpp:463] [RecordProxy] [TID1356117072] Start reading by snd_pcm_readi ...
I0101 00:49:37.319370  9099 VADFilterGen2.cpp:55] [VADFilterGen2] [TID1745593424] Close
I0101 00:49:37.323117  9099 VADFilterGen2.cpp:58] [VADFilterGen2] [TID1745593424] DestroyVADHandle begin
I0101 00:49:37.323305  9099 VADFilterGen2.cpp:60] [VADFilterGen2] [TID1745593424] DestroyVADHandle end
I0101 00:49:37.323380  9099 asap_alsaaudio.cpp:1514] [pa_recorder_stop] [TID1745593424] pa_recorder_stop ...
I0101 00:49:37.323793  9099 asap_alsaaudio.cpp:347] [RecordProxy] [TID1745593424] Set request_stop !!!
I0101 00:49:37.323884  9099 asap_alsaaudio.cpp:358] [RecordProxy] [TID1745593424] RecordProxy::Stop set pEvStopRecording ...
I0101 00:49:37.323938  9099 EngineWrapper.cpp:2930] [_RunWuwRec] [TID1745593424] audioin_Stop* OK!
I0101 00:49:37.324005  9099 asap_alsaaudio.cpp:1445] [pa_recorder_close] [TID1745593424] pa_recorder_close ...
I0101 00:49:37.324054  9099 EngineWrapper.cpp:2965] [_RunWuwRec] [TID1745593424] audioin_Close* OK!
I0101 00:49:37.324182  9099 EngineWrapper.cpp:525] [ASRRec] [TID1745593424] Thread _ProcessWuw _RunWuwRec out stop set before ...
I0101 00:49:37.324290  9099 EngineWrapper.cpp:529] [ASRRec] [TID1745593424] Thread _ProcessWuw _RunWuwRec out stop set leave ...
I0101 00:49:37.324347   543 EngineWrapper.cpp:464] [ASRRec] [TID1672094800] ASRRec::Stop() end...
I0101 00:49:37.324445   543 EngineWrapper.cpp:610] [ASRRec] [TID1672094800] Try join WUW thread ...
I0101 00:49:37.324362  9099 EngineWrapper.cpp:563] [ASRRec] [TID1745593424] Thread _ProcessWuw end ...
I0101 00:49:37.330906   543 EngineWrapper.cpp:612] [ASRRec] [TID1672094800] WUW thread is joined ...
I0101 00:49:37.331115   543 ContextProfile.cpp:1841] [ContextProfileManager] [TID1672094800] SwitchProfile profile = empty, current = wuw
I0101 00:49:37.332036   543 ContextProfile.cpp:111] [recognizer_logFunction] [TID1672094800] [INFO] 
I0101 00:49:37.332340   543 ContextProfile.cpp:111] [recognizer_logFunction] [TID1672094800] [2017-01-01 00:49:37]
I0101 00:49:37.332447   543 ContextProfile.cpp:111] [recognizer_logFunction] [TID1672094800] detach decoder:WUW 0
I0101 00:49:37.332521   543 ContextProfile.cpp:1814] [ContextProfileManager] [TID1672094800] recognizer_detachContextDecoder WUW, 0, returns 0
I0101 00:49:37.333039   543 ContextProfile.cpp:111] [recognizer_logFunction] [TID1672094800] [INFO] 
I0101 00:49:37.333194   543 ContextProfile.cpp:111] [recognizer_logFunction] [TID1672094800] [2017-01-01 00:49:37]
I0101 00:49:37.333274   543 ContextProfile.cpp:111] [recognizer_logFunction] [TID1672094800] detach decoder:START_OF_WUW_GATE#WUW 1
I0101 00:49:37.333338   543 ContextProfile.cpp:1814] [ContextProfileManager] [TID1672094800] recognizer_detachContextDecoder START_OF_WUW_GATE#WUW, 1, returns 0
I0101 00:49:37.334112   543 ContextProfile.cpp:1694] [ContextProfileManager] [TID1672094800] Set m_pRecognizerInstance = NULL
I0101 00:49:37.334264   543 ContextProfile.cpp:1697] [ContextProfileManager] [TID1672094800] UnLoadProfile OK. Current profile = empty
I0101 00:49:37.334369   543 ContextProfile.cpp:1629] [ContextProfileManager] [TID1672094800] The given profile has been loaded.
I0101 00:49:37.334805   543 RpcHandler.cpp:258] [RpcHandler] [TID1672094800] RpcHandler::Process method = asr.stop_wuw end ...
I0101 00:49:37.336045   550 Connection.cpp:209] [Connection] [TID1621763152] [Sockfd 5]Connection::_SendLoop Send OK!
I0101 00:49:37.336397   542 PoeTaskManager.cpp:608] [PoeTaskManager] [TID1680483408] [Sockfd 5]SendTask OK! ProcessSend, len = 34, timespan = 33556 us
I0101 00:49:37.337178  8847 Main.cpp:554] [POEMain] [TID1703650384] [Sockfd 7]Received response MSG_ID_CALL, len = 7, nPkgID = 787
I0101 00:49:37.337648  8847 MsgDispatcher.cpp:566] [MsgDispatcher] [TID1703650384] [Provider Sockfd 7 => Requestor Sockfd 10] iCallId = 786, iCallIndex = -1
I0101 00:49:37.337927  8847 MsgDispatcher.cpp:576] [MsgDispatcher] [TID1703650384] [Provider Sockfd 7 => Requestor Sockfd 10] method = asr.stop_wuw
I0101 00:49:37.339761   573 Connection.cpp:209] [Connection] [TID1499776080] [Sockfd 10]Connection::_SendLoop Send OK!
I0101 00:49:37.340275   443 Main.cpp:665] [POEMain] [TID1805116496] [Sockfd 10]Sent response MSG_ID_CALL, len = 7, nPkgID = 787
I0101 00:49:37.340397   443 PoeTaskManager.cpp:608] [PoeTaskManager] [TID1805116496] [Sockfd 10]SendTask OK! ProcessSend, len = 34, timespan = 2128 us
I0101 00:49:37.342106  8191 RpcEntryImpl.cpp:334] [RpcEntryImpl] [TID1954542672] [Client ScriptEngine] [Sockfd 8]Received response MSG_ID_CALL, len = 7, nPkgID = 787
I0101 00:49:37.342703 12097 pythonengine.cpp:1829] [CallRemoteFunction] [TID1822192720] pythonengine recieved the call result of <asr.stop_wuw> ...
I0101 00:49:37.343240 12097 pythonengine.cpp:1958] [PyEngine_callFunction] [TID1822192720] PyEngine PyEngine_callFunction OK! script = ngi2, function = asr.stop_wuw
I0101 00:49:37.466552 12097 pythonengine.cpp:1956] [PyEngine_callFunction] [TID1822192720] PyEngine PyEngine_callFunction! script = ngi2, function = asap.vr_session_end
I0101 00:49:37.468669 12097 pythonengine.cpp:1799] [CallRemoteFunction] [TID1822192720] pythonengine RawCall timeout millseconds = 0
I0101 00:49:37.472312 12097 pythonengine.cpp:1821] [CallRemoteFunction] [TID1822192720] pythonengine sent the call <asap.vr_session_end> ...
I0101 00:49:37.472782   571 Connection.cpp:209] [Connection] [TID1516553296] [Sockfd 8]Connection::_SendLoop Send OK!
I0101 00:49:37.474336  8847 Main.cpp:593] [POEMain] [TID1703650384] [Sockfd 10]Received request MSG_ID_CALL, len = 44, nPkgID = 788
I0101 00:49:37.481007  8191 PoeTaskManager.cpp:608] [PoeTaskManager] [TID1954542672] [Sockfd 8]SendTask OK! ProcessSend, len = 73, timespan = 9247 us
I0101 00:49:37.481611  8847 MsgDispatcher.cpp:447] [MsgDispatcher] [TID1703650384] [Requester Sockfd 10 => Provider Sockfd 7] iCallId = 787, call method = asap.vr_session_end
I0101 00:49:37.483265   552 Connection.cpp:209] [Connection] [TID1604985936] [Sockfd 7]Connection::_SendLoop Send OK!
I0101 00:49:37.483856   443 Main.cpp:696] [POEMain] [TID1805116496] [Sockfd 7]Sent request MSG_ID_CALL, len = 44, nPkgID = 788
I0101 00:49:37.483983   443 PoeTaskManager.cpp:608] [PoeTaskManager] [TID1805116496] [Sockfd 7]SendTask OK! ProcessSend, len = 73, timespan = 1410 us
I0101 00:49:37.484463   543 RpcEntryImpl.cpp:364] [RpcEntryImpl] [TID1672094800] [Client ModuleManager] [Sockfd 5]Received server request packet, body len = 69
I0101 00:49:37.484582   543 RpcEntryImpl.cpp:372] [RpcEntryImpl] [TID1672094800] [Client ModuleManager] [Sockfd 5]Received request MSG_ID_CALL, len = 44, nPkgID = 788
I0101 00:49:37.484904   543 RpcHandler.cpp:204] [RpcHandler] [TID1672094800] RpcHandler::Process method = asap.vr_session_end begin ...
I0101 00:49:37.485465   543 ASREngine.cpp:147] [VRSessionCounter] [TID1672094800] vr_session_end, count = 1
I0101 00:49:37.487458   543 ASREngine.cpp:169] [VRSessionCounter] [TID1672094800] VRSessionCounter dec OK
I0101 00:49:37.487769   543 RpcHandler.cpp:258] [RpcHandler] [TID1672094800] RpcHandler::Process method = asap.vr_session_end end ...
I0101 00:49:37.488514   550 Connection.cpp:209] [Connection] [TID1621763152] [Sockfd 5]Connection::_SendLoop Send OK!
I0101 00:49:37.488833   542 PoeTaskManager.cpp:608] [PoeTaskManager] [TID1680483408] [Sockfd 5]SendTask OK! ProcessSend, len = 34, timespan = 4802 us
I0101 00:49:37.489538  8847 Main.cpp:554] [POEMain] [TID1703650384] [Sockfd 7]Received response MSG_ID_CALL, len = 7, nPkgID = 788
I0101 00:49:37.490116  8847 MsgDispatcher.cpp:566] [MsgDispatcher] [TID1703650384] [Provider Sockfd 7 => Requestor Sockfd 10] iCallId = 787, iCallIndex = -1
I0101 00:49:37.490490  8847 MsgDispatcher.cpp:576] [MsgDispatcher] [TID1703650384] [Provider Sockfd 7 => Requestor Sockfd 10] method = asap.vr_session_end
I0101 00:49:37.492061   573 Connection.cpp:209] [Connection] [TID1499776080] [Sockfd 10]Connection::_SendLoop Send OK!
I0101 00:49:37.492647   443 Main.cpp:665] [POEMain] [TID1805116496] [Sockfd 10]Sent response MSG_ID_CALL, len = 7, nPkgID = 788
I0101 00:49:37.492758   443 PoeTaskManager.cpp:608] [PoeTaskManager] [TID1805116496] [Sockfd 10]SendTask OK! ProcessSend, len = 34, timespan = 1903 us
I0101 00:49:37.493890   628 RpcEntryImpl.cpp:334] [RpcEntryImpl] [TID1481946192] [Client ScriptEngine] [Sockfd 8]Received response MSG_ID_CALL, len = 7, nPkgID = 788
I0101 00:49:37.494580 12097 pythonengine.cpp:1829] [CallRemoteFunction] [TID1822192720] pythonengine recieved the call result of <asap.vr_session_end> ...
I0101 00:49:37.496963 12097 pythonengine.cpp:1958] [PyEngine_callFunction] [TID1822192720] PyEngine PyEngine_callFunction OK! script = ngi2, function = asap.vr_session_end
I0101 00:49:37.571028  8847 Main.cpp:616] [POEMain] [TID1703650384] [Sockfd 6]Received request MSG_ID_NOTIFY, len = 16, nPkgID = 207
I0101 00:49:37.571589  8847 MsgDispatcher.cpp:1359] [MsgDispatcher] [TID1703650384] [Requester Sockfd 6 => Provider Sockfd 7] iCallId = 206, notify method = dm.key_ptt
I0101 00:49:37.573014   552 Connection.cpp:209] [Connection] [TID1604985936] [Sockfd 7]Connection::_SendLoop Send OK!
I0101 00:49:37.574409   543 RpcEntryImpl.cpp:364] [RpcEntryImpl] [TID1672094800] [Client ModuleManager] [Sockfd 5]Received server request packet, body len = 37
I0101 00:49:37.574564   543 RpcEntryImpl.cpp:388] [RpcEntryImpl] [TID1672094800] [Client ModuleManager] [Sockfd 5]Received request MSG_ID_NOTIFY, len = 16, nPkgID = 207
I0101 00:49:37.574897   543 DialogManager.cpp:473] [DialogManager] [TID1672094800] enter DialogManagerPTT ...
I0101 00:49:37.574983   543 DialogManager.cpp:474] [DialogManager] [TID1672094800] Fire <ptt> event !!!
I0101 00:49:37.575145   543 DialogManager.cpp:476] [DialogManager] [TID1672094800] leave DialogManagerPTT ...
I0101 00:49:37.575245   553 DialogManager.cpp:548] [DialogManager] [TID1596597328] Get event <ptt> in _EventCheckerLoop!!!
I0101 00:49:37.576337   550 Connection.cpp:209] [Connection] [TID1621763152] [Sockfd 5]Connection::_SendLoop Send OK!
I0101 00:49:37.576903   443 Main.cpp:712] [POEMain] [TID1805116496] [Sockfd 7]Sent request MSG_ID_NOTIFY, len = 16, nPkgID = 207
I0101 00:49:37.577036   443 PoeTaskManager.cpp:608] [PoeTaskManager] [TID1805116496] [Sockfd 7]SendTask OK! ProcessSend, len = 41, timespan = 4992 us
I0101 00:49:37.577142   542 PoeTaskManager.cpp:608] [PoeTaskManager] [TID1680483408] [Sockfd 5]SendTask OK! ProcessSend, len = 55, timespan = 1420 us
I0101 00:49:37.579504   443 Main.cpp:593] [POEMain] [TID1805116496] [Sockfd 7]Received request MSG_ID_CALL, len = 26, nPkgID = 884
I0101 00:49:37.580338   443 MsgDispatcher.cpp:447] [MsgDispatcher] [TID1805116496] [Requester Sockfd 7 => Provider Sockfd 10] iCallId = 883, call method = dm.dialog_event
I0101 00:49:37.582505   573 Connection.cpp:209] [Connection] [TID1499776080] [Sockfd 10]Connection::_SendLoop Send OK!
I0101 00:49:37.583143  8847 Main.cpp:696] [POEMain] [TID1703650384] [Sockfd 10]Sent request MSG_ID_CALL, len = 26, nPkgID = 884
I0101 00:49:37.583288  8847 PoeTaskManager.cpp:608] [PoeTaskManager] [TID1703650384] [Sockfd 10]SendTask OK! ProcessSend, len = 55, timespan = 1852 us
I0101 00:49:37.584588   628 RpcEntryImpl.cpp:364] [RpcEntryImpl] [TID1481946192] [Client ScriptEngine] [Sockfd 8]Received server request packet, body len = 51
I0101 00:49:37.584704   628 RpcEntryImpl.cpp:372] [RpcEntryImpl] [TID1481946192] [Client ScriptEngine] [Sockfd 8]Received request MSG_ID_CALL, len = 26, nPkgID = 884
I0101 00:49:37.584995   628 RpcHandler.cpp:204] [RpcHandler] [TID1481946192] RpcHandler::Process method = dm.dialog_event begin ...
I0101 00:49:37.585170   628 pythonengine.cpp:1035] [PyEngine] [TID1481946192] PyEngine::Call name = dm.dialog_event, script = ngi2
I0101 00:49:37.585295   628 pythonengine.cpp:453] [PyScriptInstance] [TID1481946192] PyScriptInstance::Call dm.dialog_event
I0101 00:49:37.585363   628 pythonengine.cpp:403] [PyScriptInstance] [TID1481946192] GetMethodHandler : dm.dialog_event
I0101 00:49:37.586676   628 pythonengine.cpp:492] [PyScriptInstance] [TID1481946192] PyScriptInstance::InternalCallPythonFunction: dialog_event_dispatcher
I0101 00:49:37.608144   628 pythonengine.cpp:585] [PyScriptInstance] [TID1481946192] PyScriptInstance::InternalCallPythonFunction dialog_event_dispatcher OK!!!
I0101 00:49:37.608371   628 RpcHandler.cpp:258] [RpcHandler] [TID1481946192] RpcHandler::Process method = dm.dialog_event end ...
I0101 00:49:37.609009   571 Connection.cpp:209] [Connection] [TID1516553296] [Sockfd 8]Connection::_SendLoop Send OK!
I0101 00:49:37.609355  8191 PoeTaskManager.cpp:608] [PoeTaskManager] [TID1954542672] [Sockfd 8]SendTask OK! ProcessSend, len = 34, timespan = 25445 us
I0101 00:49:37.609773  8847 Main.cpp:554] [POEMain] [TID1703650384] [Sockfd 10]Received response MSG_ID_CALL, len = 7, nPkgID = 884
I0101 00:49:37.610375  8847 MsgDispatcher.cpp:566] [MsgDispatcher] [TID1703650384] [Provider Sockfd 10 => Requestor Sockfd 7] iCallId = 883, iCallIndex = -1
I0101 00:49:37.610595  8847 MsgDispatcher.cpp:576] [MsgDispatcher] [TID1703650384] [Provider Sockfd 10 => Requestor Sockfd 7] method = dm.dialog_event
I0101 00:49:37.618604   552 Connection.cpp:209] [Connection] [TID1604985936] [Sockfd 7]Connection::_SendLoop Send OK!
I0101 00:49:37.619421   443 Main.cpp:665] [POEMain] [TID1805116496] [Sockfd 7]Sent response MSG_ID_CALL, len = 7, nPkgID = 884
I0101 00:49:37.619585   443 PoeTaskManager.cpp:608] [PoeTaskManager] [TID1805116496] [Sockfd 7]SendTask OK! ProcessSend, len = 34, timespan = 8713 us
I0101 00:49:37.621031   543 RpcEntryImpl.cpp:334] [RpcEntryImpl] [TID1672094800] [Client ModuleManager] [Sockfd 5]Received response MSG_ID_CALL, len = 7, nPkgID = 884
I0101 00:49:37.621868   553 DialogManager.cpp:564] [DialogManager] [TID1596597328] Call dm.dialog_event(ptt) OK.
I0101 00:49:37.662556 12102 pythonengine.cpp:1956] [PyEngine_callFunction] [TID1822192720] PyEngine PyEngine_callFunction! script = ngi2, function = asap.vr_session_start
I0101 00:49:37.663206 12102 pythonengine.cpp:1799] [CallRemoteFunction] [TID1822192720] pythonengine RawCall timeout millseconds = 0
I0101 00:49:37.663982 12102 pythonengine.cpp:1821] [CallRemoteFunction] [TID1822192720] pythonengine sent the call <asap.vr_session_start> ...
I0101 00:49:37.664191   571 Connection.cpp:209] [Connection] [TID1516553296] [Sockfd 8]Connection::_SendLoop Send OK!
I0101 00:49:37.664495  8191 PoeTaskManager.cpp:608] [PoeTaskManager] [TID1954542672] [Sockfd 8]SendTask OK! ProcessSend, len = 75, timespan = 690 us
I0101 00:49:37.664777  8847 Main.cpp:593] [POEMain] [TID1703650384] [Sockfd 10]Received request MSG_ID_CALL, len = 46, nPkgID = 789
I0101 00:49:37.665082  8847 MsgDispatcher.cpp:447] [MsgDispatcher] [TID1703650384] [Requester Sockfd 10 => Provider Sockfd 7] iCallId = 788, call method = asap.vr_session_start
I0101 00:49:37.666185   552 Connection.cpp:209] [Connection] [TID1604985936] [Sockfd 7]Connection::_SendLoop Send OK!
I0101 00:49:37.666501   443 Main.cpp:696] [POEMain] [TID1805116496] [Sockfd 7]Sent request MSG_ID_CALL, len = 46, nPkgID = 789
I0101 00:49:37.666584   443 PoeTaskManager.cpp:608] [PoeTaskManager] [TID1805116496] [Sockfd 7]SendTask OK! ProcessSend, len = 75, timespan = 910 us
I0101 00:49:37.667058   543 RpcEntryImpl.cpp:364] [RpcEntryImpl] [TID1672094800] [Client ModuleManager] [Sockfd 5]Received server request packet, body len = 71
I0101 00:49:37.667201   543 RpcEntryImpl.cpp:372] [RpcEntryImpl] [TID1672094800] [Client ModuleManager] [Sockfd 5]Received request MSG_ID_CALL, len = 46, nPkgID = 789
I0101 00:49:37.667480   543 RpcHandler.cpp:204] [RpcHandler] [TID1672094800] RpcHandler::Process method = asap.vr_session_start begin ...
I0101 00:49:37.667635   543 ASREngine.cpp:137] [VRSessionCounter] [TID1672094800] vr_session_start, count = 2
I0101 00:49:37.667697   543 ASREngine.cpp:138] [VRSessionCounter] [TID1672094800] VRSessionCounter inc OK
I0101 00:49:37.667846   543 RpcHandler.cpp:258] [RpcHandler] [TID1672094800] RpcHandler::Process method = asap.vr_session_start end ...
I0101 00:49:37.668507   550 Connection.cpp:209] [Connection] [TID1621763152] [Sockfd 5]Connection::_SendLoop Send OK!
I0101 00:49:37.668706   542 PoeTaskManager.cpp:608] [PoeTaskManager] [TID1680483408] [Sockfd 5]SendTask OK! ProcessSend, len = 34, timespan = 2019 us
I0101 00:49:37.669179  8847 Main.cpp:554] [POEMain] [TID1703650384] [Sockfd 7]Received response MSG_ID_CALL, len = 7, nPkgID = 789
I0101 00:49:37.669520  8847 MsgDispatcher.cpp:566] [MsgDispatcher] [TID1703650384] [Provider Sockfd 7 => Requestor Sockfd 10] iCallId = 788, iCallIndex = -1
I0101 00:49:37.669689  8847 MsgDispatcher.cpp:576] [MsgDispatcher] [TID1703650384] [Provider Sockfd 7 => Requestor Sockfd 10] method = asap.vr_session_start
I0101 00:49:37.670792   573 Connection.cpp:209] [Connection] [TID1499776080] [Sockfd 10]Connection::_SendLoop Send OK!
I0101 00:49:37.671200   628 RpcEntryImpl.cpp:334] [RpcEntryImpl] [TID1481946192] [Client ScriptEngine] [Sockfd 8]Received response MSG_ID_CALL, len = 7, nPkgID = 789
I0101 00:49:37.671226   443 Main.cpp:665] [POEMain] [TID1805116496] [Sockfd 10]Sent response MSG_ID_CALL, len = 7, nPkgID = 789
I0101 00:49:37.671633   443 PoeTaskManager.cpp:608] [PoeTaskManager] [TID1805116496] [Sockfd 10]SendTask OK! ProcessSend, len = 34, timespan = 1782 us
I0101 00:49:37.680719 12102 pythonengine.cpp:1829] [CallRemoteFunction] [TID1822192720] pythonengine recieved the call result of <asap.vr_session_start> ...
I0101 00:49:37.681519 12102 pythonengine.cpp:1958] [PyEngine_callFunction] [TID1822192720] PyEngine PyEngine_callFunction OK! script = ngi2, function = asap.vr_session_start
I0101 00:49:37.704200 12102 pythonengine.cpp:1956] [PyEngine_callFunction] [TID1822192720] PyEngine PyEngine_callFunction! script = ngi2, function = asap.tts_session_start
I0101 00:49:37.704677 12102 pythonengine.cpp:1799] [CallRemoteFunction] [TID1822192720] pythonengine RawCall timeout millseconds = 0
I0101 00:49:37.705615 12102 pythonengine.cpp:1821] [CallRemoteFunction] [TID1822192720] pythonengine sent the call <asap.tts_session_start> ...
I0101 00:49:37.706483   571 Connection.cpp:209] [Connection] [TID1516553296] [Sockfd 8]Connection::_SendLoop Send OK!
I0101 00:49:37.707810  8191 PoeTaskManager.cpp:608] [PoeTaskManager] [TID1954542672] [Sockfd 8]SendTask OK! ProcessSend, len = 84, timespan = 2549 us
I0101 00:49:37.710997  8847 Main.cpp:593] [POEMain] [TID1703650384] [Sockfd 10]Received request MSG_ID_CALL, len = 55, nPkgID = 790
I0101 00:49:37.711591  8847 MsgDispatcher.cpp:447] [MsgDispatcher] [TID1703650384] [Requester Sockfd 10 => Provider Sockfd 7] iCallId = 789, call method = asap.tts_session_start
I0101 00:49:37.714542   552 Connection.cpp:209] [Connection] [TID1604985936] [Sockfd 7]Connection::_SendLoop Send OK!
I0101 00:49:37.715441   443 Main.cpp:696] [POEMain] [TID1805116496] [Sockfd 7]Sent request MSG_ID_CALL, len = 55, nPkgID = 790
I0101 00:49:37.715625   443 PoeTaskManager.cpp:608] [PoeTaskManager] [TID1805116496] [Sockfd 7]SendTask OK! ProcessSend, len = 84, timespan = 3220 us
I0101 00:49:37.717255   543 RpcEntryImpl.cpp:364] [RpcEntryImpl] [TID1672094800] [Client ModuleManager] [Sockfd 5]Received server request packet, body len = 80
I0101 00:49:37.717571   543 RpcEntryImpl.cpp:372] [RpcEntryImpl] [TID1672094800] [Client ModuleManager] [Sockfd 5]Received request MSG_ID_CALL, len = 55, nPkgID = 790
I0101 00:49:37.718207   543 RpcHandler.cpp:204] [RpcHandler] [TID1672094800] RpcHandler::Process method = asap.tts_session_start begin ...
I0101 00:49:37.718627   543 TTSEngine.cpp:725] [TTSEngine] [TID1672094800] GetTTSPlayer use player_id = 0, device name = 
I0101 00:49:37.718874   543 TTSEngine.cpp:2265] [TTSSessionCounter] [TID1672094800] Call client.tts_session_start
I0101 00:49:37.720468   550 Connection.cpp:209] [Connection] [TID1621763152] [Sockfd 5]Connection::_SendLoop Send OK!
I0101 00:49:37.720826   542 PoeTaskManager.cpp:608] [PoeTaskManager] [TID1680483408] [Sockfd 5]SendTask OK! ProcessSend, len = 68, timespan = 1226 us
I0101 00:49:37.721809  8847 Main.cpp:593] [POEMain] [TID1703650384] [Sockfd 7]Received request MSG_ID_CALL, len = 39, nPkgID = 885
I0101 00:49:37.722496  8847 MsgDispatcher.cpp:447] [MsgDispatcher] [TID1703650384] [Requester Sockfd 7 => Provider Sockfd 6] iCallId = 884, call method = client.tts_session_start
I0101 00:49:37.725829   431 Connection.cpp:209] [Connection] [TID1890579536] [Sockfd 6]Connection::_SendLoop Send OK!
I0101 00:49:37.726709   443 Main.cpp:696] [POEMain] [TID1805116496] [Sockfd 6]Sent request MSG_ID_CALL, len = 39, nPkgID = 885
I0101 00:49:37.726891   443 PoeTaskManager.cpp:608] [PoeTaskManager] [TID1805116496] [Sockfd 6]SendTask OK! ProcessSend, len = 68, timespan = 11021 us
I0101 00:49:37.747411  8847 Main.cpp:554] [POEMain] [TID1703650384] [Sockfd 6]Received response MSG_ID_CALL, len = 7, nPkgID = 885
I0101 00:49:37.748509  8847 MsgDispatcher.cpp:566] [MsgDispatcher] [TID1703650384] [Provider Sockfd 6 => Requestor Sockfd 7] iCallId = 884, iCallIndex = -1
I0101 00:49:37.748982  8847 MsgDispatcher.cpp:576] [MsgDispatcher] [TID1703650384] [Provider Sockfd 6 => Requestor Sockfd 7] method = client.tts_session_start
I0101 00:49:37.750679   552 Connection.cpp:209] [Connection] [TID1604985936] [Sockfd 7]Connection::_SendLoop Send OK!
