I0101 00:49:38.245203   543 ContextProfile.cpp:111] [recognizer_logFunction] [TID1672094800] attach decoder:NGX_MNC_SLM#FREQUENCE_NUMBER 1
I0101 00:49:38.245247   543 ContextProfile.cpp:1762] [ContextProfileManager] [TID1672094800] recognizer_attachContextDecoder NGX_MNC_SLM#FREQUENCE_NUMBER, 1, returns 0
I0101 00:49:38.245878   543 ContextProfile.cpp:765] [RecognizerManager] [TID1672094800] alias decoder NGX_MNC_SLM#FUNCTION_NAME for orignal name: FUNCTION_NAME
I0101 00:49:38.246100   543 ContextProfile.cpp:1759] [ContextProfileManager] [TID1672094800] PrepareDecoder OK! host slot = NGX_MNC_SLM#FUNCTION_NAME, guest = FUNCTION_NAME
I0101 00:49:38.246461   543 ContextProfile.cpp:111] [recognizer_logFunction] [TID1672094800] [INFO] 
I0101 00:49:38.246598   543 ContextProfile.cpp:111] [recognizer_logFunction] [TID1672094800] [2017-01-01 00:49:38]
I0101 00:49:38.246677   543 ContextProfile.cpp:111] [recognizer_logFunction] [TID1672094800] attach decoder:NGX_MNC_SLM#FUNCTION_NAME 1
I0101 00:49:38.246737   543 ContextProfile.cpp:1762] [ContextProfileManager] [TID1672094800] recognizer_attachContextDecoder NGX_MNC_SLM#FUNCTION_NAME, 1, returns 0
I0101 00:49:38.247362   543 ContextProfile.cpp:765] [RecognizerManager] [TID1672094800] alias decoder NGX_MNC_SLM#GENRE_NAME for orignal name: GENRE_NAME
I0101 00:49:38.247581   543 ContextProfile.cpp:1759] [ContextProfileManager] [TID1672094800] PrepareDecoder OK! host slot = NGX_MNC_SLM#GENRE_NAME, guest = GENRE_NAME
I0101 00:49:38.247905   543 ContextProfile.cpp:111] [recognizer_logFunction] [TID1672094800] [INFO] 
I0101 00:49:38.248045   543 ContextProfile.cpp:111] [recognizer_logFunction] [TID1672094800] [2017-01-01 00:49:38]
I0101 00:49:38.248121   543 ContextProfile.cpp:111] [recognizer_logFunction] [TID1672094800] attach decoder:NGX_MNC_SLM#GENRE_NAME 1
I0101 00:49:38.248648   543 ContextProfile.cpp:1762] [ContextProfileManager] [TID1672094800] recognizer_attachContextDecoder NGX_MNC_SLM#GENRE_NAME, 1, returns 0
I0101 00:49:38.249406   543 ContextProfile.cpp:765] [RecognizerManager] [TID1672094800] alias decoder NGX_MNC_SLM#MOOD_NAME for orignal name: MOOD_NAME
I0101 00:49:38.249682   543 ContextProfile.cpp:1759] [ContextProfileManager] [TID1672094800] PrepareDecoder OK! host slot = NGX_MNC_SLM#MOOD_NAME, guest = MOOD_NAME
I0101 00:49:38.250298   543 ContextProfile.cpp:111] [recognizer_logFunction] [TID1672094800] [INFO] 
I0101 00:49:38.250480   543 ContextProfile.cpp:111] [recognizer_logFunction] [TID1672094800] [2017-01-01 00:49:38]
I0101 00:49:38.250558   543 ContextProfile.cpp:111] [recognizer_logFunction] [TID1672094800] attach decoder:NGX_MNC_SLM#MOOD_NAME 1
I0101 00:49:38.250625   543 ContextProfile.cpp:1762] [ContextProfileManager] [TID1672094800] recognizer_attachContextDecoder NGX_MNC_SLM#MOOD_NAME, 1, returns 0
I0101 00:49:38.251374   543 ContextProfile.cpp:765] [RecognizerManager] [TID1672094800] alias decoder NGX_MNC_SLM#PHONE_NUMBER for orignal name: PHONE_NUMBER
I0101 00:49:38.251616   543 ContextProfile.cpp:1759] [ContextProfileManager] [TID1672094800] PrepareDecoder OK! host slot = NGX_MNC_SLM#PHONE_NUMBER, guest = PHONE_NUMBER
I0101 00:49:38.252043   543 ContextProfile.cpp:111] [recognizer_logFunction] [TID1672094800] [INFO] 
I0101 00:49:38.252198   543 ContextProfile.cpp:111] [recognizer_logFunction] [TID1672094800] [2017-01-01 00:49:38]
I0101 00:49:38.252285   543 ContextProfile.cpp:111] [recognizer_logFunction] [TID1672094800] attach decoder:NGX_MNC_SLM#PHONE_NUMBER 1
I0101 00:49:38.252341   543 ContextProfile.cpp:1762] [ContextProfileManager] [TID1672094800] recognizer_attachContextDecoder NGX_MNC_SLM#PHONE_NUMBER, 1, returns 0
I0101 00:49:38.252879   543 ContextProfile.cpp:765] [RecognizerManager] [TID1672094800] alias decoder NGX_MNC_SLM#PHONE_TYPE for orignal name: PHONE_TYPE
I0101 00:49:38.253077   543 ContextProfile.cpp:1759] [ContextProfileManager] [TID1672094800] PrepareDecoder OK! host slot = NGX_MNC_SLM#PHONE_TYPE, guest = PHONE_TYPE
I0101 00:49:38.253321   543 ContextProfile.cpp:111] [recognizer_logFunction] [TID1672094800] [INFO] 
I0101 00:49:38.253432   543 ContextProfile.cpp:111] [recognizer_logFunction] [TID1672094800] [2017-01-01 00:49:38]
I0101 00:49:38.253502   543 ContextProfile.cpp:111] [recognizer_logFunction] [TID1672094800] attach decoder:NGX_MNC_SLM#PHONE_TYPE 1
I0101 00:49:38.253553   543 ContextProfile.cpp:1762] [ContextProfileManager] [TID1672094800] recognizer_attachContextDecoder NGX_MNC_SLM#PHONE_TYPE, 1, returns 0
I0101 00:49:38.254047   543 ContextProfile.cpp:765] [RecognizerManager] [TID1672094800] alias decoder NGX_MNC_SLM#PLAYLIST_NAME for orignal name: PLAYLIST_NAME
I0101 00:49:38.254210   543 ContextProfile.cpp:1759] [ContextProfileManager] [TID1672094800] PrepareDecoder OK! host slot = NGX_MNC_SLM#PLAYLIST_NAME, guest = PLAYLIST_NAME
I0101 00:49:38.254570   543 ContextProfile.cpp:111] [recognizer_logFunction] [TID1672094800] [INFO] 
I0101 00:49:38.254679   543 ContextProfile.cpp:111] [recognizer_logFunction] [TID1672094800] [2017-01-01 00:49:38]
I0101 00:49:38.254750   543 ContextProfile.cpp:111] [recognizer_logFunction] [TID1672094800] attach decoder:NGX_MNC_SLM#PLAYLIST_NAME 1
I0101 00:49:38.254801   543 ContextProfile.cpp:1762] [ContextProfileManager] [TID1672094800] recognizer_attachContextDecoder NGX_MNC_SLM#PLAYLIST_NAME, 1, returns 0
I0101 00:49:38.255879   543 ContextProfile.cpp:765] [RecognizerManager] [TID1672094800] alias decoder NGX_MNC_SLM#PLAY_MODE for orignal name: PLAY_MODE
I0101 00:49:38.256100   543 ContextProfile.cpp:1759] [ContextProfileManager] [TID1672094800] PrepareDecoder OK! host slot = NGX_MNC_SLM#PLAY_MODE, guest = PLAY_MODE
I0101 00:49:38.256422   543 ContextProfile.cpp:111] [recognizer_logFunction] [TID1672094800] [INFO] 
I0101 00:49:38.256546   543 ContextProfile.cpp:111] [recognizer_logFunction] [TID1672094800] [2017-01-01 00:49:38]
I0101 00:49:38.256628   543 ContextProfile.cpp:111] [recognizer_logFunction] [TID1672094800] attach decoder:NGX_MNC_SLM#PLAY_MODE 1
I0101 00:49:38.257046   543 ContextProfile.cpp:1762] [ContextProfileManager] [TID1672094800] recognizer_attachContextDecoder NGX_MNC_SLM#PLAY_MODE, 1, returns 0
I0101 00:49:38.257655   543 ContextProfile.cpp:765] [RecognizerManager] [TID1672094800] alias decoder NGX_MNC_SLM#POI_CATEGORY for orignal name: POI_CATEGORY
I0101 00:49:38.257845   543 ContextProfile.cpp:1759] [ContextProfileManager] [TID1672094800] PrepareDecoder OK! host slot = NGX_MNC_SLM#POI_CATEGORY, guest = POI_CATEGORY
I0101 00:49:38.258090   543 ContextProfile.cpp:111] [recognizer_logFunction] [TID1672094800] [INFO] 
I0101 00:49:38.258180   543 ContextProfile.cpp:111] [recognizer_logFunction] [TID1672094800] [2017-01-01 00:49:38]
I0101 00:49:38.258231   543 ContextProfile.cpp:111] [recognizer_logFunction] [TID1672094800] attach decoder:NGX_MNC_SLM#POI_CATEGORY 1
I0101 00:49:38.258273   543 ContextProfile.cpp:1762] [ContextProfileManager] [TID1672094800] recognizer_attachContextDecoder NGX_MNC_SLM#POI_CATEGORY, 1, returns 0
I0101 00:49:38.258641   543 ContextProfile.cpp:765] [RecognizerManager] [TID1672094800] alias decoder NGX_MNC_SLM#ROUTING_STRATEGY for orignal name: ROUTING_STRATEGY
I0101 00:49:38.258764   543 ContextProfile.cpp:1759] [ContextProfileManager] [TID1672094800] PrepareDecoder OK! host slot = NGX_MNC_SLM#ROUTING_STRATEGY, guest = ROUTING_STRATEGY
I0101 00:49:38.258981   543 ContextProfile.cpp:111] [recognizer_logFunction] [TID1672094800] [INFO] 
I0101 00:49:38.259060   543 ContextProfile.cpp:111] [recognizer_logFunction] [TID1672094800] [2017-01-01 00:49:38]
I0101 00:49:38.259116   543 ContextProfile.cpp:111] [recognizer_logFunction] [TID1672094800] attach decoder:NGX_MNC_SLM#ROUTING_STRATEGY 1
I0101 00:49:38.259160   543 ContextProfile.cpp:1762] [ContextProfileManager] [TID1672094800] recognizer_attachContextDecoder NGX_MNC_SLM#ROUTING_STRATEGY, 1, returns 0
I0101 00:49:38.259778   543 ContextProfile.cpp:765] [RecognizerManager] [TID1672094800] alias decoder NGX_MNC_SLM#SCALE_NUMBER for orignal name: SCALE_NUMBER
I0101 00:49:38.259949   543 ContextProfile.cpp:1759] [ContextProfileManager] [TID1672094800] PrepareDecoder OK! host slot = NGX_MNC_SLM#SCALE_NUMBER, guest = SCALE_NUMBER
I0101 00:49:38.260287   543 ContextProfile.cpp:111] [recognizer_logFunction] [TID1672094800] [INFO] 
I0101 00:49:38.260396   543 ContextProfile.cpp:111] [recognizer_logFunction] [TID1672094800] [2017-01-01 00:49:38]
I0101 00:49:38.260457   543 ContextProfile.cpp:111] [recognizer_logFunction] [TID1672094800] attach decoder:NGX_MNC_SLM#SCALE_NUMBER 1
I0101 00:49:38.260509   543 ContextProfile.cpp:1762] [ContextProfileManager] [TID1672094800] recognizer_attachContextDecoder NGX_MNC_SLM#SCALE_NUMBER, 1, returns 0
I0101 00:49:38.261255   543 ContextProfile.cpp:765] [RecognizerManager] [TID1672094800] alias decoder NGX_MNC_SLM#SET_FANSPEED for orignal name: SET_FANSPEED
I0101 00:49:38.261426   543 ContextProfile.cpp:1759] [ContextProfileManager] [TID1672094800] PrepareDecoder OK! host slot = NGX_MNC_SLM#SET_FANSPEED, guest = SET_FANSPEED
I0101 00:49:38.261662   543 ContextProfile.cpp:111] [recognizer_logFunction] [TID1672094800] [INFO] 
I0101 00:49:38.261761   543 ContextProfile.cpp:111] [recognizer_logFunction] [TID1672094800] [2017-01-01 00:49:38]
I0101 00:49:38.261816   543 ContextProfile.cpp:111] [recognizer_logFunction] [TID1672094800] attach decoder:NGX_MNC_SLM#SET_FANSPEED 1
I0101 00:49:38.261869   543 ContextProfile.cpp:1762] [ContextProfileManager] [TID1672094800] recognizer_attachContextDecoder NGX_MNC_SLM#SET_FANSPEED, 1, returns 0
I0101 00:49:38.262246   543 ContextProfile.cpp:765] [RecognizerManager] [TID1672094800] alias decoder NGX_MNC_SLM#SONG_NAME for orignal name: SONG_NAME
I0101 00:49:38.262377   543 ContextProfile.cpp:1759] [ContextProfileManager] [TID1672094800] PrepareDecoder OK! host slot = NGX_MNC_SLM#SONG_NAME, guest = SONG_NAME
I0101 00:49:38.262814   543 ContextProfile.cpp:111] [recognizer_logFunction] [TID1672094800] [INFO] 
I0101 00:49:38.262961   543 ContextProfile.cpp:111] [recognizer_logFunction] [TID1672094800] [2017-01-01 00:49:38]
I0101 00:49:38.263456   543 ContextProfile.cpp:111] [recognizer_logFunction] [TID1672094800] attach decoder:NGX_MNC_SLM#SONG_NAME 1
I0101 00:49:38.263553   543 ContextProfile.cpp:1762] [ContextProfileManager] [TID1672094800] recognizer_attachContextDecoder NGX_MNC_SLM#SONG_NAME, 1, returns 0
I0101 00:49:38.264122   543 ContextProfile.cpp:765] [RecognizerManager] [TID1672094800] alias decoder NGX_MNC_SLM#TARGET_NAME for orignal name: TARGET_NAME
I0101 00:49:38.264297   543 ContextProfile.cpp:1759] [ContextProfileManager] [TID1672094800] PrepareDecoder OK! host slot = NGX_MNC_SLM#TARGET_NAME, guest = TARGET_NAME
I0101 00:49:38.264559   543 ContextProfile.cpp:111] [recognizer_logFunction] [TID1672094800] [INFO] 
I0101 00:49:38.264674   543 ContextProfile.cpp:111] [recognizer_logFunction] [TID1672094800] [2017-01-01 00:49:38]
I0101 00:49:38.264744   543 ContextProfile.cpp:111] [recognizer_logFunction] [TID1672094800] attach decoder:NGX_MNC_SLM#TARGET_NAME 1
I0101 00:49:38.264803   543 ContextProfile.cpp:1762] [ContextProfileManager] [TID1672094800] recognizer_attachContextDecoder NGX_MNC_SLM#TARGET_NAME, 1, returns 0
I0101 00:49:38.265282   543 ContextProfile.cpp:765] [RecognizerManager] [TID1672094800] alias decoder NGX_MNC_SLM#TIME_EVENT for orignal name: TIME_EVENT
I0101 00:49:38.265452   543 ContextProfile.cpp:1759] [ContextProfileManager] [TID1672094800] PrepareDecoder OK! host slot = NGX_MNC_SLM#TIME_EVENT, guest = TIME_EVENT
I0101 00:49:38.265719   543 ContextProfile.cpp:111] [recognizer_logFunction] [TID1672094800] [INFO] 
I0101 00:49:38.265820   543 ContextProfile.cpp:111] [recognizer_logFunction] [TID1672094800] [2017-01-01 00:49:38]
I0101 00:49:38.265880   543 ContextProfile.cpp:111] [recognizer_logFunction] [TID1672094800] attach decoder:NGX_MNC_SLM#TIME_EVENT 1
I0101 00:49:38.265931   543 ContextProfile.cpp:1762] [ContextProfileManager] [TID1672094800] recognizer_attachContextDecoder NGX_MNC_SLM#TIME_EVENT, 1, returns 0
I0101 00:49:38.266338   543 ContextProfile.cpp:765] [RecognizerManager] [TID1672094800] alias decoder NGX_MNC_SLM#VIEW_MODE for orignal name: VIEW_MODE
I0101 00:49:38.266489   543 ContextProfile.cpp:1759] [ContextProfileManager] [TID1672094800] PrepareDecoder OK! host slot = NGX_MNC_SLM#VIEW_MODE, guest = VIEW_MODE
I0101 00:49:38.266718   543 ContextProfile.cpp:111] [recognizer_logFunction] [TID1672094800] [INFO] 
I0101 00:49:38.266809   543 ContextProfile.cpp:111] [recognizer_logFunction] [TID1672094800] [2017-01-01 00:49:38]
I0101 00:49:38.266865   543 ContextProfile.cpp:111] [recognizer_logFunction] [TID1672094800] attach decoder:NGX_MNC_SLM#VIEW_MODE 1
I0101 00:49:38.266911   543 ContextProfile.cpp:1762] [ContextProfileManager] [TID1672094800] recognizer_attachContextDecoder NGX_MNC_SLM#VIEW_MODE, 1, returns 0
I0101 00:49:38.267287   543 ContextProfile.cpp:765] [RecognizerManager] [TID1672094800] alias decoder NGX_MNC_SLM#ZONE_NAME for orignal name: ZONE_NAME
I0101 00:49:38.267415   543 ContextProfile.cpp:1759] [ContextProfileManager] [TID1672094800] PrepareDecoder OK! host slot = NGX_MNC_SLM#ZONE_NAME, guest = ZONE_NAME
I0101 00:49:38.267665   543 ContextProfile.cpp:111] [recognizer_logFunction] [TID1672094800] [INFO] 
I0101 00:49:38.267791   543 ContextProfile.cpp:111] [recognizer_logFunction] [TID1672094800] [2017-01-01 00:49:38]
I0101 00:49:38.267859   543 ContextProfile.cpp:111] [recognizer_logFunction] [TID1672094800] attach decoder:NGX_MNC_SLM#ZONE_NAME 1
I0101 00:49:38.267909   543 ContextProfile.cpp:1762] [ContextProfileManager] [TID1672094800] recognizer_attachContextDecoder NGX_MNC_SLM#ZONE_NAME, 1, returns 0
I0101 00:49:38.269031   543 ContextProfile.cpp:986] [ContextProfile] [TID1672094800] recognizer_setContextDecoderParam decoder = NGX_MNC_BNF
I0101 00:49:38.269305   543 ContextProfile.cpp:986] [ContextProfile] [TID1672094800] recognizer_setContextDecoderParam decoder = NGX_MNC_SLM
I0101 00:49:38.269486   543 ContextProfile.cpp:1671] [ContextProfileManager] [TID1672094800] LoadProfile OK. Current profile = default
I0101 00:49:38.270357   543 RpcHandler.cpp:258] [RpcHandler] [TID1672094800] RpcHandler::Process method = asr.switch_context_profile end ...
I0101 00:49:38.271515   550 Connection.cpp:209] [Connection] [TID1621763152] [Sockfd 5]Connection::_SendLoop Send OK!
I0101 00:49:38.271895   542 PoeTaskManager.cpp:608] [PoeTaskManager] [TID1680483408] [Sockfd 5]SendTask OK! ProcessSend, len = 34, timespan = 187710 us
I0101 00:49:38.272758  8847 Main.cpp:554] [POEMain] [TID1703650384] [Sockfd 7]Received response MSG_ID_CALL, len = 7, nPkgID = 792
I0101 00:49:38.273435  8847 MsgDispatcher.cpp:566] [MsgDispatcher] [TID1703650384] [Provider Sockfd 7 => Requestor Sockfd 10] iCallId = 791, iCallIndex = -1
I0101 00:49:38.273815  8847 MsgDispatcher.cpp:576] [MsgDispatcher] [TID1703650384] [Provider Sockfd 7 => Requestor Sockfd 10] method = asr.switch_context_profile
I0101 00:49:38.276451   628 RpcEntryImpl.cpp:334] [RpcEntryImpl] [TID1481946192] [Client ScriptEngine] [Sockfd 8]Received response MSG_ID_CALL, len = 7, nPkgID = 792
I0101 00:49:38.275199   573 Connection.cpp:209] [Connection] [TID1499776080] [Sockfd 10]Connection::_SendLoop Send OK!
I0101 00:49:38.277557   443 Main.cpp:665] [POEMain] [TID1805116496] [Sockfd 10]Sent response MSG_ID_CALL, len = 7, nPkgID = 792
I0101 00:49:38.277699   443 PoeTaskManager.cpp:608] [PoeTaskManager] [TID1805116496] [Sockfd 10]SendTask OK! ProcessSend, len = 34, timespan = 3568 us
I0101 00:49:38.277971 12102 pythonengine.cpp:1829] [CallRemoteFunction] [TID1822192720] pythonengine recieved the call result of <asr.switch_context_profile> ...
I0101 00:49:38.281556 12102 pythonengine.cpp:1958] [PyEngine_callFunction] [TID1822192720] PyEngine PyEngine_callFunction OK! script = ngi2, function = asr.switch_context_profile
I0101 00:49:38.379261 12102 pythonengine.cpp:1956] [PyEngine_callFunction] [TID1822192720] PyEngine PyEngine_callFunction! script = ngi2, function = asap.tts_play_wait
I0101 00:49:38.403563 12102 pythonengine.cpp:1799] [CallRemoteFunction] [TID1822192720] pythonengine RawCall timeout millseconds = 0
I0101 00:49:38.405776   571 Connection.cpp:209] [Connection] [TID1516553296] [Sockfd 8]Connection::_SendLoop Send OK!
I0101 00:49:38.406095  8191 PoeTaskManager.cpp:608] [PoeTaskManager] [TID1954542672] [Sockfd 8]SendTask OK! ProcessSend, len = 169, timespan = 1227 us
I0101 00:49:38.410539  8847 Main.cpp:593] [POEMain] [TID1703650384] [Sockfd 10]Received request MSG_ID_CALL, len = 140, nPkgID = 793
I0101 00:49:38.411407  8847 MsgDispatcher.cpp:447] [MsgDispatcher] [TID1703650384] [Requester Sockfd 10 => Provider Sockfd 7] iCallId = 792, call method = asap.tts_play_wait
I0101 00:49:38.405433 12102 pythonengine.cpp:1821] [CallRemoteFunction] [TID1822192720] pythonengine sent the call <asap.tts_play_wait> ...
I0101 00:49:38.414343   552 Connection.cpp:209] [Connection] [TID1604985936] [Sockfd 7]Connection::_SendLoop Send OK!
I0101 00:49:38.414845   443 Main.cpp:696] [POEMain] [TID1805116496] [Sockfd 7]Sent request MSG_ID_CALL, len = 140, nPkgID = 793
I0101 00:49:38.414989   443 PoeTaskManager.cpp:608] [PoeTaskManager] [TID1805116496] [Sockfd 7]SendTask OK! ProcessSend, len = 169, timespan = 2189 us
I0101 00:49:38.415565   543 RpcEntryImpl.cpp:364] [RpcEntryImpl] [TID1672094800] [Client ModuleManager] [Sockfd 5]Received server request packet, body len = 165
I0101 00:49:38.420109   543 RpcEntryImpl.cpp:372] [RpcEntryImpl] [TID1672094800] [Client ModuleManager] [Sockfd 5]Received request MSG_ID_CALL, len = 140, nPkgID = 793
I0101 00:49:38.420792   543 RpcHandler.cpp:204] [RpcHandler] [TID1672094800] RpcHandler::Process method = asap.tts_play_wait begin ...
I0101 00:49:38.421087   543 TTSEngine.cpp:1463] [TTSEngine] [TID1672094800] enter ASAPTTSPlayWait ...
I0101 00:49:38.421319   543 TTSEngine.cpp:725] [TTSEngine] [TID1672094800] GetTTSPlayer use player_id = 0, device name = 
I0101 00:49:38.421581   543 TTSEngine.cpp:1117] [TTSEngine] [TID1672094800] device = 0
I0101 00:49:38.422674   543 TTSEngine.cpp:1508] [TTSEngine] [TID1672094800] ASAPTTSPlayWait TTSSessionStart ...
I0101 00:49:38.422919   543 TTSEngine.cpp:2345] [TTSSessionCounter] [TID1672094800] tts_session_start, player_id = 0, count = 2
I0101 00:49:38.423017   543 TTSEngine.cpp:2346] [TTSSessionCounter] [TID1672094800] TTSSessionCounter inc OK. session_result = 1
I0101 00:49:38.423105   543 TTSEngine.cpp:1518] [TTSEngine] [TID1672094800] ASAPTTSPlay BatchPlay, iprio = 30, same_strategy = 0
I0101 00:49:38.423722   666 TTSPlayer.cpp:874] [TTSPlayer] [TID1315816528] Got a request from queue ...
I0101 00:49:38.423902   666 TTSPlayer.cpp:899] [TTSPlayer] [TID1315816528] Fetch a tts request from Queue, text = /opt/voice_resource/data/sound/beep.pcm, prio = 30
I0101 00:49:38.424195   666 TTSPlayer.cpp:655] [TTSPlayer] [TID1315816528] ProcessStrategy id = 69
I0101 00:49:38.424301   666 TTSPlayer.cpp:556] [TTSPlayer] [TID1315816528] ProcessTTSRequestMessage id = 69
I0101 00:49:38.424371   666 TTSPlayer.cpp:1010] [TTSPlayer] [TID1315816528] SetCurrentRequest id = 69
I0101 00:49:38.424437   666 TTSPlayer.cpp:560] [TTSPlayer] [TID1315816528] Reset m_evPlayOver in ProcessTTSRequestMessage.
I0101 00:49:38.424494   666 TTSPlayer.cpp:562] [TTSPlayer] [TID1315816528] Set m_evPlaying.
I0101 00:49:38.424803   646 TTSPlayer.cpp:579] [TTSPlayer] [TID1347290192] _ProcessTTSRequestMessage begin >>>>>
I0101 00:49:38.425211   646 TTSEngine.cpp:532] [TTSEngine] [TID1347290192] enter OnTTSPlayStart
I0101 00:49:38.425355   646 TTSEngine.cpp:541] [TTSEngine] [TID1347290192] Notify client.tts_on_playing_start, device = 0, id = 69 ...
I0101 00:49:38.425204   543 TTSPlayer.cpp:1088] [TTSPlayer] [TID1672094800] EnqueueRequest. text = /opt/voice_resource/data/sound/beep.pcm, id = 69, prio = 30
I0101 00:49:38.425472   543 TTSEngine.cpp:1533] [TTSEngine] [TID1672094800] ASAPTTSPlayWait wait id = 69
I0101 00:49:38.427093   646 TTSEngine.cpp:548] [TTSEngine] [TID1347290192] leave OnTTSPlayStart
I0101 00:49:38.427300   646 TTSPlayer.cpp:1118] [TTSPlayer] [TID1347290192] EnsureOpenDevice, status = 2
I0101 00:49:38.427359   550 Connection.cpp:209] [Connection] [TID1621763152] [Sockfd 5]Connection::_SendLoop Send OK!
I0101 00:49:38.427402   646 asap_alsaaudio.cpp:1847] [pa_player_start] [TID1347290192] pa_player_start ...
I0101 00:49:38.427460   646 asap_alsaaudio.cpp:804] [PlayerProxy] [TID1347290192] Start reset last_send_evt_.
I0101 00:49:38.427609   542 PoeTaskManager.cpp:608] [PoeTaskManager] [TID1680483408] [Sockfd 5]SendTask OK! ProcessSend, len = 68, timespan = 974 us
I0101 00:49:38.427871   646 TTSBackEnd.cpp:63] [TTSBackEnd] [TID1347290192] Reset m_evRequestDone.
I0101 00:49:38.427932 12104 asap_alsaaudio.cpp:922] [ThreadCheckPlayedSamples] [TID1753982032] ThreadCheckPlayedSamples starts!
I0101 00:49:38.427978   646 asap_alsaaudio.cpp:837] [PlayerProxy] [TID1347290192] OnPrepare TTS request counter = 1, tts_id = 69, source = 0
I0101 00:49:38.428004 12104 asap_alsaaudio.cpp:927] [ThreadCheckPlayedSamples] [TID1753982032] ThreadCheckPlayedSamples start to wait last_send_evt_.
I0101 00:49:38.428122   646 asap_alsaaudio.cpp:840] [PlayerProxy] [TID1347290192] OnPrepare snd_pcm_prepare returns 0
I0101 00:49:38.428177   646 asap_alsaaudio.cpp:842] [PlayerProxy] [TID1347290192] OnPrepare set resume_evt_.
I0101 00:49:38.428248   646 TTSFrontEnd.cpp:78] [TTSFrontEnd] [TID1347290192] Reset m_evCanceledSynth
I0101 00:49:38.428305   646 TTSFrontEnd.cpp:81] [TTSFrontEnd] [TID1347290192] Reset m_evSynthOver
I0101 00:49:38.428444   646 TTSFrontEnd_Yt.cpp:444] [TTSFrontEndYt] [TID1347290192] _ProcessTTSRequestMessage begin >>>>>
I0101 00:49:38.428501   646 TTSFrontEnd_Yt.cpp:452] [TTSFrontEndYt] [TID1347290192] _ProcessTTSRequestMessage id = 69, type = 1
I0101 00:49:38.428829   646 TTSFrontEnd_Yt.cpp:488] [TTSFrontEndYt] [TID1347290192] _ProcessTTSRequestMessage end >>>>>
I0101 00:49:38.428928   646 TTSFrontEnd.cpp:87] [TTSFrontEnd] [TID1347290192] Set m_evSynthOver because synth ends
I0101 00:49:38.428980   646 TTSBackEnd.cpp:88] [TTSBackEnd] [TID1347290192] Try to wait m_evRequestDone ...
I0101 00:49:38.430346  8847 Main.cpp:616] [POEMain] [TID1703650384] [Sockfd 7]Received request MSG_ID_NOTIFY, len = 43, nPkgID = 887
I0101 00:49:38.431061  8847 MsgDispatcher.cpp:1441] [MsgDispatcher] [TID1703650384] OnNotifyMessage error: No such method client.tts_on_playing_start
I0101 00:49:38.468210   667 asap_alsaaudio.cpp:854] [PlayerProxy] [TID1307427920] Data nLen is zero, over, set last_send_evt_ !
I0101 00:49:38.468768 12104 asap_alsaaudio.cpp:929] [ThreadCheckPlayedSamples] [TID1753982032] ThreadCheckPlayedSamples waited last_send_evt_.
I0101 00:49:38.469002 12104 asap_alsaaudio.cpp:939] [ThreadCheckPlayedSamples] [TID1753982032] ThreadCheckPlayedSamples get ALSA state = 3
I0101 00:49:38.543037 12104 asap_alsaaudio.cpp:927] [ThreadCheckPlayedSamples] [TID1753982032] ThreadCheckPlayedSamples start to wait last_send_evt_.
I0101 00:49:38.543254 12104 asap_alsaaudio.cpp:929] [ThreadCheckPlayedSamples] [TID1753982032] ThreadCheckPlayedSamples waited last_send_evt_.
I0101 00:49:38.543432 12104 asap_alsaaudio.cpp:939] [ThreadCheckPlayedSamples] [TID1753982032] ThreadCheckPlayedSamples get ALSA state = 3
I0101 00:49:38.616297 12104 asap_alsaaudio.cpp:927] [ThreadCheckPlayedSamples] [TID1753982032] ThreadCheckPlayedSamples start to wait last_send_evt_.
I0101 00:49:38.616541 12104 asap_alsaaudio.cpp:929] [ThreadCheckPlayedSamples] [TID1753982032] ThreadCheckPlayedSamples waited last_send_evt_.
I0101 00:49:38.616739 12104 asap_alsaaudio.cpp:939] [ThreadCheckPlayedSamples] [TID1753982032] ThreadCheckPlayedSamples get ALSA state = 3
I0101 00:49:38.687162 12104 asap_alsaaudio.cpp:927] [ThreadCheckPlayedSamples] [TID1753982032] ThreadCheckPlayedSamples start to wait last_send_evt_.
I0101 00:49:38.687403 12104 asap_alsaaudio.cpp:929] [ThreadCheckPlayedSamples] [TID1753982032] ThreadCheckPlayedSamples waited last_send_evt_.
I0101 00:49:38.687624 12104 asap_alsaaudio.cpp:939] [ThreadCheckPlayedSamples] [TID1753982032] ThreadCheckPlayedSamples get ALSA state = 4
I0101 00:49:38.687695 12104 asap_alsaaudio.cpp:946] [ThreadCheckPlayedSamples] [TID1753982032] snd_pcm_avail error: Broken pipe
I0101 00:49:38.687760 12104 asap_alsaaudio.cpp:950] [ThreadCheckPlayedSamples] [TID1753982032] ALSA Underrun occurred when snd_pcm_avail!
I0101 00:49:38.687808 12104 asap_alsaaudio.cpp:965] [ThreadCheckPlayedSamples] [TID1753982032] ThreadCheckPlayedSamples detected end of play, reset.
I0101 00:49:38.687861 12104 TTSBackEnd_PulseAudio.cpp:206] [_OnPlayOverCallback] [TID1753982032] _OnPlayOverCallback!
I0101 00:49:38.688122 12104 asap_alsaaudio.cpp:968] [ThreadCheckPlayedSamples] [TID1753982032] ThreadCheckPlayedSamples reset last_send_evt_.
I0101 00:49:38.688217 12104 asap_alsaaudio.cpp:973] [ThreadCheckPlayedSamples] [TID1753982032] ThreadCheckPlayedSamples start to wait resume_evt_.
I0101 00:49:38.688235  3024 TTSPlayer.cpp:1190] [TTSPlayer] [TID1795925072] TTSPlayer::OnPlayOver TTS playing seems done.
I0101 00:49:38.688266 12104 asap_alsaaudio.cpp:975] [ThreadCheckPlayedSamples] [TID1753982032] ThreadCheckPlayedSamples waited resume_evt_.
I0101 00:49:38.688401  3024 TTSPlayer.cpp:1017] [TTSPlayer] [TID1795925072] Reset current playing request to NULL.
I0101 00:49:38.688557  3024 TTSPlayer.cpp:1232] [TTSPlayer] [TID1795925072] TTSPlayer::OnPlayOver call playover_callback ...
I0101 00:49:38.688660  3024 TTSEngine.cpp:553] [TTSEngine] [TID1795925072] enter OnTTSPlayOver
I0101 00:49:38.688661   543 TTSEngine.cpp:1545] [TTSEngine] [TID1672094800] ASAPTTSPlayWait waited id = 69!
I0101 00:49:38.688791  3024 TTSEngine.cpp:581] [TTSEngine] [TID1795925072] Notify client.tts_on_playing_done, device = 0, id = 69 ...
I0101 00:49:38.689064   543 TTSEngine.cpp:1610] [TTSEngine] [TID1672094800] leave ASAPTTSPlayWait ...
I0101 00:49:38.689262   543 RpcHandler.cpp:258] [RpcHandler] [TID1672094800] RpcHandler::Process method = asap.tts_play_wait end ...
I0101 00:49:38.690102  3024 TTSEngine.cpp:589] [TTSEngine] [TID1795925072] OnTTSPlayOver TTSSessionEnd ...
I0101 00:49:38.690275   550 Connection.cpp:209] [Connection] [TID1621763152] [Sockfd 5]Connection::_SendLoop Send OK!
I0101 00:49:38.690348  3024 TTSEngine.cpp:2388] [TTSSessionCounter] [TID1795925072] tts_session_end, player_id = 0, count = 1
I0101 00:49:38.690408  3024 TTSEngine.cpp:2389] [TTSSessionCounter] [TID1795925072] TTSSessionCounter dec OK
I0101 00:49:38.690623  3024 TTSEngine.cpp:595] [TTSEngine] [TID1795925072] leave OnTTSPlayOver
I0101 00:49:38.690661   542 PoeTaskManager.cpp:608] [PoeTaskManager] [TID1680483408] [Sockfd 5]SendTask OK! ProcessSend, len = 34, timespan = 275562 us
I0101 00:49:38.690723  3024 TTSPlayer.cpp:1238] [TTSPlayer] [TID1795925072] Set m_evPlayOver in OnPlayOver (bAllDone == true).
I0101 00:49:38.691493  3024 TTSPlayer.cpp:1240] [TTSPlayer] [TID1795925072] Reset m_evPlaying in OnPlayOver (bAllDone == true).
I0101 00:49:38.691584   550 Connection.cpp:209] [Connection] [TID1621763152] [Sockfd 5]Connection::_SendLoop Send OK!
I0101 00:49:38.691627  3024 TTSBackEnd.cpp:193] [TTSBackEnd] [TID1795925072] Set m_evRequestDone.
I0101 00:49:38.691900   646 TTSBackEnd.cpp:90] [TTSBackEnd] [TID1347290192] Waited m_evRequestDone.
I0101 00:49:38.692001   646 TTSPlayer.cpp:639] [TTSPlayer] [TID1347290192] _ProcessTTSRequestMessage end >>>>>
I0101 00:49:38.692170  8847 Main.cpp:554] [POEMain] [TID1703650384] [Sockfd 7]Received response MSG_ID_CALL, len = 7, nPkgID = 793
I0101 00:49:38.692905  8847 MsgDispatcher.cpp:566] [MsgDispatcher] [TID1703650384] [Provider Sockfd 7 => Requestor Sockfd 10] iCallId = 792, iCallIndex = -1
I0101 00:49:38.693402  8847 MsgDispatcher.cpp:576] [MsgDispatcher] [TID1703650384] [Provider Sockfd 7 => Requestor Sockfd 10] method = asap.tts_play_wait
I0101 00:49:38.695114   573 Connection.cpp:209] [Connection] [TID1499776080] [Sockfd 10]Connection::_SendLoop Send OK!
I0101 00:49:38.695850   443 Main.cpp:665] [POEMain] [TID1805116496] [Sockfd 10]Sent response MSG_ID_CALL, len = 7, nPkgID = 793
I0101 00:49:38.696012   443 PoeTaskManager.cpp:608] [PoeTaskManager] [TID1805116496] [Sockfd 10]SendTask OK! ProcessSend, len = 34, timespan = 2207 us
I0101 00:49:38.695058   543 PoeTaskManager.cpp:608] [PoeTaskManager] [TID1672094800] [Sockfd 5]SendTask OK! ProcessSend, len = 68, timespan = 5340 us
I0101 00:49:38.696554   628 RpcEntryImpl.cpp:334] [RpcEntryImpl] [TID1481946192] [Client ScriptEngine] [Sockfd 8]Received response MSG_ID_CALL, len = 7, nPkgID = 793
I0101 00:49:38.697319 12102 pythonengine.cpp:1829] [CallRemoteFunction] [TID1822192720] pythonengine recieved the call result of <asap.tts_play_wait> ...
I0101 00:49:38.698086 12102 pythonengine.cpp:1958] [PyEngine_callFunction] [TID1822192720] PyEngine PyEngine_callFunction OK! script = ngi2, function = asap.tts_play_wait
I0101 00:49:38.714848  8847 Main.cpp:616] [POEMain] [TID1703650384] [Sockfd 7]Received request MSG_ID_NOTIFY, len = 43, nPkgID = 888
I0101 00:49:38.715800  8847 MsgDispatcher.cpp:1359] [MsgDispatcher] [TID1703650384] [Requester Sockfd 7 => Provider Sockfd 7] iCallId = 887, notify method = client.tts_on_playing_done
I0101 00:49:38.717017  8847 MsgDispatcher.cpp:1359] [MsgDispatcher] [TID1703650384] [Requester Sockfd 7 => Provider Sockfd 10] iCallId = 887, notify method = client.tts_on_playing_done
I0101 00:49:38.717520   552 Connection.cpp:209] [Connection] [TID1604985936] [Sockfd 7]Connection::_SendLoop Send OK!
I0101 00:49:38.718261   443 Main.cpp:712] [POEMain] [TID1805116496] [Sockfd 7]Sent request MSG_ID_NOTIFY, len = 43, nPkgID = 888
I0101 00:49:38.718358   573 Connection.cpp:209] [Connection] [TID1499776080] [Sockfd 10]Connection::_SendLoop Send OK!
I0101 00:49:38.718395   443 PoeTaskManager.cpp:608] [PoeTaskManager] [TID1805116496] [Sockfd 7]SendTask OK! ProcessSend, len = 68, timespan = 1827 us
I0101 00:49:38.718518   543 RpcEntryImpl.cpp:364] [RpcEntryImpl] [TID1672094800] [Client ModuleManager] [Sockfd 5]Received server request packet, body len = 64
I0101 00:49:38.718617   543 RpcEntryImpl.cpp:388] [RpcEntryImpl] [TID1672094800] [Client ModuleManager] [Sockfd 5]Received request MSG_ID_NOTIFY, len = 43, nPkgID = 888
I0101 00:49:38.719137   543 ASREngine.cpp:5643] [ASREngine] [TID1672094800] OnTTSPlayingDone id = 69, result = 0
I0101 00:49:38.719702   628 RpcEntryImpl.cpp:364] [RpcEntryImpl] [TID1481946192] [Client ScriptEngine] [Sockfd 8]Received server request packet, body len = 64
I0101 00:49:38.719918   436 Main.cpp:712] [POEMain] [TID1864135760] [Sockfd 10]Sent request MSG_ID_NOTIFY, len = 43, nPkgID = 888
I0101 00:49:38.719951   628 RpcEntryImpl.cpp:388] [RpcEntryImpl] [TID1481946192] [Client ScriptEngine] [Sockfd 8]Received request MSG_ID_NOTIFY, len = 43, nPkgID = 888
I0101 00:49:38.720005   436 PoeTaskManager.cpp:608] [PoeTaskManager] [TID1864135760] [Sockfd 10]SendTask OK! ProcessSend, len = 68, timespan = 2516 us
I0101 00:49:38.720562   628 pythonengine.cpp:1054] [PyEngine] [TID1481946192] PyEngine::Notify name = client.tts_on_playing_done, script = ngi2
I0101 00:49:38.720793   628 pythonengine.cpp:468] [PyScriptInstance] [TID1481946192] PyScriptInstance::Call client.tts_on_playing_done
I0101 00:49:38.720930   628 pythonengine.cpp:431] [PyScriptInstance] [TID1481946192] GetEventHandler : client.tts_on_playing_done
I0101 00:49:38.725694   628 pythonengine.cpp:492] [PyScriptInstance] [TID1481946192] PyScriptInstance::InternalCallPythonFunction: tts_on_playing_done
I0101 00:49:38.757285   628 pythonengine.cpp:585] [PyScriptInstance] [TID1481946192] PyScriptInstance::InternalCallPythonFunction tts_on_playing_done OK!!!
I0101 00:49:38.758685 12104 asap_alsaaudio.cpp:927] [ThreadCheckPlayedSamples] [TID1753982032] ThreadCheckPlayedSamples start to wait last_send_evt_.
I0101 00:49:38.798763 12102 pythonengine.cpp:1956] [PyEngine_callFunction] [TID1822192720] PyEngine PyEngine_callFunction! script = ngi2, function = dm.cloud_status_updated
I0101 00:49:38.799578 12102 pythonengine.cpp:1799] [CallRemoteFunction] [TID1822192720] pythonengine RawCall timeout millseconds = 5000
I0101 00:49:38.801383 12102 pythonengine.cpp:1821] [CallRemoteFunction] [TID1822192720] pythonengine sent the call <dm.cloud_status_updated> ...
I0101 00:49:38.801898   571 Connection.cpp:209] [Connection] [TID1516553296] [Sockfd 8]Connection::_SendLoop Send OK!
I0101 00:49:38.802959  8191 PoeTaskManager.cpp:608] [PoeTaskManager] [TID1954542672] [Sockfd 8]SendTask OK! ProcessSend, len = 79, timespan = 2206 us
I0101 00:49:38.803422  8847 Main.cpp:593] [POEMain] [TID1703650384] [Sockfd 10]Received request MSG_ID_CALL, len = 50, nPkgID = 794
I0101 00:49:38.804126  8847 MsgDispatcher.cpp:447] [MsgDispatcher] [TID1703650384] [Requester Sockfd 10 => Provider Sockfd 10] iCallId = 793, call method = dm.cloud_status_updated
I0101 00:49:38.805943   573 Connection.cpp:209] [Connection] [TID1499776080] [Sockfd 10]Connection::_SendLoop Send OK!
I0101 00:49:38.806680   443 Main.cpp:696] [POEMain] [TID1805116496] [Sockfd 10]Sent request MSG_ID_CALL, len = 50, nPkgID = 794
I0101 00:49:38.806833   443 PoeTaskManager.cpp:608] [PoeTaskManager] [TID1805116496] [Sockfd 10]SendTask OK! ProcessSend, len = 79, timespan = 1618 us
I0101 00:49:38.807389   628 RpcEntryImpl.cpp:364] [RpcEntryImpl] [TID1481946192] [Client ScriptEngine] [Sockfd 8]Received server request packet, body len = 75
I0101 00:49:38.807567   628 RpcEntryImpl.cpp:372] [RpcEntryImpl] [TID1481946192] [Client ScriptEngine] [Sockfd 8]Received request MSG_ID_CALL, len = 50, nPkgID = 794
I0101 00:49:38.808126   628 RpcHandler.cpp:204] [RpcHandler] [TID1481946192] RpcHandler::Process method = dm.cloud_status_updated begin ...
I0101 00:49:38.808607   628 pythonengine.cpp:1035] [PyEngine] [TID1481946192] PyEngine::Call name = dm.cloud_status_updated, script = cloud_agent
I0101 00:49:38.808934   628 pythonengine.cpp:453] [PyScriptInstance] [TID1481946192] PyScriptInstance::Call dm.cloud_status_updated
I0101 00:49:38.809034   628 pythonengine.cpp:403] [PyScriptInstance] [TID1481946192] GetMethodHandler : dm.cloud_status_updated
I0101 00:49:38.811317   628 pythonengine.cpp:492] [PyScriptInstance] [TID1481946192] PyScriptInstance::InternalCallPythonFunction: on_update_net_status
I0101 00:49:38.823451   628 pythonengine.cpp:585] [PyScriptInstance] [TID1481946192] PyScriptInstance::InternalCallPythonFunction on_update_net_status OK!!!
I0101 00:49:38.824090   628 RpcHandler.cpp:258] [RpcHandler] [TID1481946192] RpcHandler::Process method = dm.cloud_status_updated end ...
I0101 00:49:38.825198   571 Connection.cpp:209] [Connection] [TID1516553296] [Sockfd 8]Connection::_SendLoop Send OK!
I0101 00:49:38.826169  8191 PoeTaskManager.cpp:608] [PoeTaskManager] [TID1954542672] [Sockfd 8]SendTask OK! ProcessSend, len = 35, timespan = 19272 us
I0101 00:49:38.827234  8847 Main.cpp:554] [POEMain] [TID1703650384] [Sockfd 10]Received response MSG_ID_CALL, len = 8, nPkgID = 794
I0101 00:49:38.828142  8847 MsgDispatcher.cpp:566] [MsgDispatcher] [TID1703650384] [Provider Sockfd 10 => Requestor Sockfd 10] iCallId = 793, iCallIndex = -1
I0101 00:49:38.828548  8847 MsgDispatcher.cpp:576] [MsgDispatcher] [TID1703650384] [Provider Sockfd 10 => Requestor Sockfd 10] method = dm.cloud_status_updated
I0101 00:49:38.831153   573 Connection.cpp:209] [Connection] [TID1499776080] [Sockfd 10]Connection::_SendLoop Send OK!
I0101 00:49:38.831800   443 Main.cpp:665] [POEMain] [TID1805116496] [Sockfd 10]Sent response MSG_ID_CALL, len = 8, nPkgID = 794
I0101 00:49:38.831924   443 PoeTaskManager.cpp:608] [PoeTaskManager] [TID1805116496] [Sockfd 10]SendTask OK! ProcessSend, len = 35, timespan = 2900 us
I0101 00:49:38.833230   628 RpcEntryImpl.cpp:334] [RpcEntryImpl] [TID1481946192] [Client ScriptEngine] [Sockfd 8]Received response MSG_ID_CALL, len = 8, nPkgID = 794
I0101 00:49:38.833956 12102 pythonengine.cpp:1829] [CallRemoteFunction] [TID1822192720] pythonengine recieved the call result of <dm.cloud_status_updated> ...
I0101 00:49:38.834287 12102 pythonengine.cpp:1958] [PyEngine_callFunction] [TID1822192720] PyEngine PyEngine_callFunction OK! script = ngi2, function = dm.cloud_status_updated
I0101 00:49:38.989688 12102 pythonengine.cpp:1956] [PyEngine_callFunction] [TID1822192720] PyEngine PyEngine_callFunction! script = ngi2, function = asr.process
I0101 00:49:38.990424 12102 pythonengine.cpp:1799] [CallRemoteFunction] [TID1822192720] pythonengine RawCall timeout millseconds = 0
I0101 00:49:38.992070 12102 pythonengine.cpp:1821] [CallRemoteFunction] [TID1822192720] pythonengine sent the call <asr.process> ...
I0101 00:49:38.992637   571 Connection.cpp:209] [Connection] [TID1516553296] [Sockfd 8]Connection::_SendLoop Send OK!
I0101 00:49:38.993800  8191 PoeTaskManager.cpp:608] [PoeTaskManager] [TID1954542672] [Sockfd 8]SendTask OK! ProcessSend, len = 152, timespan = 2317 us
I0101 00:49:38.994801  8847 Main.cpp:593] [POEMain] [TID1703650384] [Sockfd 10]Received request MSG_ID_CALL, len = 123, nPkgID = 795
I0101 00:49:38.995784  8847 MsgDispatcher.cpp:447] [MsgDispatcher] [TID1703650384] [Requester Sockfd 10 => Provider Sockfd 7] iCallId = 794, call method = asr.process
I0101 00:49:38.998917   552 Connection.cpp:209] [Connection] [TID1604985936] [Sockfd 7]Connection::_SendLoop Send OK!
I0101 00:49:38.999615   443 Main.cpp:696] [POEMain] [TID1805116496] [Sockfd 7]Sent request MSG_ID_CALL, len = 123, nPkgID = 795
I0101 00:49:39.000221   443 PoeTaskManager.cpp:608] [PoeTaskManager] [TID1805116496] [Sockfd 7]SendTask OK! ProcessSend, len = 152, timespan = 3252 us
I0101 00:49:38.999809   543 RpcEntryImpl.cpp:364] [RpcEntryImpl] [TID1672094800] [Client ModuleManager] [Sockfd 5]Received server request packet, body len = 148
I0101 00:49:39.000524   543 RpcEntryImpl.cpp:372] [RpcEntryImpl] [TID1672094800] [Client ModuleManager] [Sockfd 5]Received request MSG_ID_CALL, len = 123, nPkgID = 795
I0101 00:49:39.000932   543 RpcHandler.cpp:204] [RpcHandler] [TID1672094800] RpcHandler::Process method = asr.process begin ...
I0101 00:49:39.001718   543 ContextProfile.cpp:1841] [ContextProfileManager] [TID1672094800] SwitchProfile profile = , current = default
I0101 00:49:39.001896   543 EngineWrapper.cpp:373] [ASRRec] [TID1672094800] recorded_pcm = 
I0101 00:49:39.001960   543 EngineWrapper.cpp:374] [ASRRec] [TID1672094800] resampled_pcm = 
I0101 00:49:39.002004   543 EngineWrapper.cpp:378] [ASRRec] [TID1672094800] Using recorded_pcm /opt/voice_resource/bin/hsae/release/recorded.pcm
I0101 00:49:39.002048   543 EngineWrapper.cpp:383] [ASRRec] [TID1672094800] Using resampled_pcm /tmp/resampled.pcm
I0101 00:49:39.002096   543 EngineWrapper.cpp:1777] [ASRRec] [TID1672094800] Get AcMod info! sampleFreq = 16000, frameShiftSamples = 24
I0101 00:49:39.002164   543 EngineWrapper.cpp:1798] [ASRRec] [TID1672094800] audioinFrameSizeInSamples = 1600
I0101 00:49:39.002240   543 EngineWrapper.cpp:1809] [ASRRec] [TID1672094800] Got ASAP_ASR_ENABLE_VAD = 0
I0101 00:49:39.002423   543 EngineWrapper.cpp:1870] [ASRRec] [TID1672094800] enable_vad = 0, vad_threshold = 0.12, vad_silence_threshold = 0.05
I0101 00:49:39.002566   543 VADFilterGen2.cpp:36] [VADFilterGen2] [TID1672094800] Open
I0101 00:49:39.002684   543 VADFilterGen2.cpp:46] [VADFilterGen2] [TID1672094800] CreateVADHandle begin
I0101 00:49:39.003334   543 VADFilterGen2.cpp:48] [VADFilterGen2] [TID1672094800] CreateVADHandle end
I0101 00:49:39.003471   543 EngineWrapper.cpp:1889] [ASRRec] [TID1672094800] audioin_Open* start ...
I0101 00:49:39.003553   543 asap_alsaaudio.cpp:1334] [pa_recorder_open] [TID1672094800] pa_recorder_open, device = hw:2,0, pRecordedFileName = <null>, timeout = 10000
I0101 00:49:39.003649   543 EngineWrapper.cpp:1960] [ASRRec] [TID1672094800] audioin_Open* OK!
I0101 00:49:39.003706   543 EngineWrapper.cpp:1964] [ASRRec] [TID1672094800] recognizer_createSession begin
I0101 00:49:39.003971   543 ContextProfile.cpp:111] [recognizer_logFunction] [TID1672094800] [INFO] 
I0101 00:49:39.004117   543 ContextProfile.cpp:111] [recognizer_logFunction] [TID1672094800] [2017-01-01 00:49:39]
I0101 00:49:39.004187   543 ContextProfile.cpp:111] [recognizer_logFunction] [TID1672094800] ===> recognizer_createSession
I0101 00:49:39.004392   543 ContextProfile.cpp:111] [recognizer_logFunction] [TID1672094800] [INFO] 
I0101 00:49:39.004493   543 ContextProfile.cpp:111] [recognizer_logFunction] [TID1672094800] [2017-01-01 00:49:39]
I0101 00:49:39.004559   543 ContextProfile.cpp:111] [recognizer_logFunction] [TID1672094800] cpu batch size is 40.
I0101 00:49:39.121757   543 ContextProfile.cpp:111] [recognizer_logFunction] [TID1672094800] [INFO] 
I0101 00:49:39.122166   543 ContextProfile.cpp:111] [recognizer_logFunction] [TID1672094800] [2017-01-01 00:49:39]
I0101 00:49:39.122355   543 ContextProfile.cpp:111] [recognizer_logFunction] [TID1672094800] vad threshold is 0.600000.
I0101 00:49:39.122709   543 ContextProfile.cpp:111] [recognizer_logFunction] [TID1672094800] [INFO] 
I0101 00:49:39.122820   543 ContextProfile.cpp:111] [recognizer_logFunction] [TID1672094800] [2017-01-01 00:49:39]
I0101 00:49:39.122962   543 ContextProfile.cpp:111] [recognizer_logFunction] [TID1672094800] vad energy weight is 0.500000.
I0101 00:49:39.123201   543 ContextProfile.cpp:111] [recognizer_logFunction] [TID1672094800] [INFO] 
I0101 00:49:39.123363   543 ContextProfile.cpp:111] [recognizer_logFunction] [TID1672094800] [2017-01-01 00:49:39]
I0101 00:49:39.124145   543 ContextProfile.cpp:111] [recognizer_logFunction] [TID1672094800] vad mini speech 0.
I0101 00:49:39.124516   543 ContextProfile.cpp:111] [recognizer_logFunction] [TID1672094800] [INFO] 
I0101 00:49:39.124722   543 ContextProfile.cpp:111] [recognizer_logFunction] [TID1672094800] [2017-01-01 00:49:39]
I0101 00:49:39.124799   543 ContextProfile.cpp:111] [recognizer_logFunction] [TID1672094800] vad leading silence timeout is 5000.
I0101 00:49:39.125119   543 ContextProfile.cpp:111] [recognizer_logFunction] [TID1672094800] [INFO] 
I0101 00:49:39.125213   543 ContextProfile.cpp:111] [recognizer_logFunction] [TID1672094800] [2017-01-01 00:49:39]
I0101 00:49:39.125346   543 ContextProfile.cpp:111] [recognizer_logFunction] [TID1672094800] vad begin speech duration is 100 ms.
I0101 00:49:39.125556   543 ContextProfile.cpp:111] [recognizer_logFunction] [TID1672094800] [INFO] 
I0101 00:49:39.125708   543 ContextProfile.cpp:111] [recognizer_logFunction] [TID1672094800] [2017-01-01 00:49:39]
I0101 00:49:39.125779   543 ContextProfile.cpp:111] [recognizer_logFunction] [TID1672094800] vad leading silence before begin speech is 600 ms.
I0101 00:49:39.126000   543 ContextProfile.cpp:111] [recognizer_logFunction] [TID1672094800] [INFO] 
I0101 00:49:39.126165   543 ContextProfile.cpp:111] [recognizer_logFunction] [TID1672094800] [2017-01-01 00:49:39]
I0101 00:49:39.126309   543 ContextProfile.cpp:111] [recognizer_logFunction] [TID1672094800] vad end speech duration is 1000 ms.
I0101 00:49:39.128325   543 ContextProfile.cpp:111] [recognizer_logFunction] [TID1672094800] [INFO] 
I0101 00:49:39.128788   543 ContextProfile.cpp:111] [recognizer_logFunction] [TID1672094800] [2017-01-01 00:49:39]
I0101 00:49:39.128973   543 ContextProfile.cpp:111] [recognizer_logFunction] [TID1672094800] <=== recognizer_createSession:0x0x711f4b00 0x0x7120afc8
I0101 00:49:39.129050   543 EngineWrapper.cpp:1971] [ASRRec] [TID1672094800] recognizer_createSession end
I0101 00:49:39.129560   543 EngineWrapper.cpp:1975] [ASRRec] [TID1672094800] recognizer_setSessionCallBack begin
I0101 00:49:39.130223   543 ContextProfile.cpp:111] [recognizer_logFunction] [TID1672094800] [INFO] 
I0101 00:49:39.130445   543 ContextProfile.cpp:111] [recognizer_logFunction] [TID1672094800] [2017-01-01 00:49:39]
I0101 00:49:39.130619   543 ContextProfile.cpp:111] [recognizer_logFunction] [TID1672094800] ===> recognizer_setSessionCallBack
I0101 00:49:39.130967   543 ContextProfile.cpp:111] [recognizer_logFunction] [TID1672094800] [INFO] 
I0101 00:49:39.131155   543 ContextProfile.cpp:111] [recognizer_logFunction] [TID1672094800] [2017-01-01 00:49:39]
I0101 00:49:39.131232   543 ContextProfile.cpp:111] [recognizer_logFunction] [TID1672094800] ===> recognizer_setSessionCallBack
I0101 00:49:39.131346   543 EngineWrapper.cpp:1987] [ASRRec] [TID1672094800] recognizer_setSessionCallBack end _ret --->0
I0101 00:49:39.131407   543 EngineWrapper.cpp:1989] [ASRRec] [TID1672094800] recognizer_startSession begin
I0101 00:49:39.135414   543 ContextProfile.cpp:111] [recognizer_logFunction] [TID1672094800] [INFO] 
I0101 00:49:39.135839   543 ContextProfile.cpp:111] [recognizer_logFunction] [TID1672094800] [2017-01-01 00:49:39]
I0101 00:49:39.136036   543 ContextProfile.cpp:111] [recognizer_logFunction] [TID1672094800] ===> recognizer_startSession: 0x0x7120afc8
I0101 00:49:39.224922   543 ContextProfile.cpp:111] [recognizer_logFunction] [TID1672094800] [INFO] 
I0101 00:49:39.225292   543 ContextProfile.cpp:111] [recognizer_logFunction] [TID1672094800] [2017-01-01 00:49:39]
I0101 00:49:39.225471   543 ContextProfile.cpp:111] [recognizer_logFunction] [TID1672094800] <=== recognizer_startSession
I0101 00:49:39.225545   543 EngineWrapper.cpp:1997] [ASRRec] [TID1672094800] recognizer_startSession end
I0101 00:49:39.227458   543 EngineWrapper.cpp:2009] [ASRRec] [TID1672094800] audioin_Start* begin!
I0101 00:49:39.227691   543 asap_alsaaudio.cpp:1484] [pa_recorder_start] [TID1672094800] pa_recorder_start ...
I0101 00:49:39.227860   543 asap_alsaaudio.cpp:316] [RecordProxy] [TID1672094800] RecordProxy::Start reset pEvStopRecording ...
I0101 00:49:39.228464   543 asap_alsaaudio.cpp:321] [RecordProxy] [TID1672094800] RecordProxy::Start reset pEvStopped ...
I0101 00:49:39.228665   543 EngineWrapper.cpp:2023] [ASRRec] [TID1672094800] audioin_Start* end!
I0101 00:49:39.229022   543 EngineWrapper.cpp:2058] [ASRRec] [TID1672094800] SetStartInterval for m_rec_timer 10000
I0101 00:49:39.229367   543 EngineWrapper.cpp:2080] [ASRRec] [TID1672094800] SetStartInterval for m_ldsil_timer 3000
I0101 00:49:39.231799   543 asap_alsaaudio.cpp:1686] [pa_recorder_fetch_data] [TID1672094800] el_recorder_fetch_data *pLen = 3200
I0101 00:49:39.232072   543 EngineWrapper.cpp:2190] [ASRRec] [TID1672094800] total_bytes left size ---> 319680
I0101 00:49:39.232168   543 EngineWrapper.cpp:2193] [ASRRec] [TID1672094800] recognizer_resumeSession nPutSize = 320
I0101 00:49:39.247980   543 EngineWrapper.cpp:2222] [ASRRec] [TID1672094800] recognizer_resumeSession return 0
I0101 00:49:39.248322   543 EngineWrapper.cpp:2190] [ASRRec] [TID1672094800] total_bytes left size ---> 319360
I0101 00:49:39.248402   543 EngineWrapper.cpp:2193] [ASRRec] [TID1672094800] recognizer_resumeSession nPutSize = 320
I0101 00:49:39.249392   543 EngineWrapper.cpp:2222] [ASRRec] [TID1672094800] recognizer_resumeSession return 0
I0101 00:49:39.249675   543 EngineWrapper.cpp:2190] [ASRRec] [TID1672094800] total_bytes left size ---> 319040
I0101 00:49:39.249749   543 EngineWrapper.cpp:2193] [ASRRec] [TID1672094800] recognizer_resumeSession nPutSize = 320
I0101 00:49:39.250141   543 EngineWrapper.cpp:2222] [ASRRec] [TID1672094800] recognizer_resumeSession return 0
I0101 00:49:39.250320   543 EngineWrapper.cpp:2190] [ASRRec] [TID1672094800] total_bytes left size ---> 318720
I0101 00:49:39.250422   543 EngineWrapper.cpp:2193] [ASRRec] [TID1672094800] recognizer_resumeSession nPutSize = 320
I0101 00:49:39.250916   543 EngineWrapper.cpp:2222] [ASRRec] [TID1672094800] recognizer_resumeSession return 0
I0101 00:49:39.251029   543 EngineWrapper.cpp:2190] [ASRRec] [TID1672094800] total_bytes left size ---> 318400
I0101 00:49:39.251147   543 EngineWrapper.cpp:2193] [ASRRec] [TID1672094800] recognizer_resumeSession nPutSize = 320
I0101 00:49:39.251406   543 EngineWrapper.cpp:2222] [ASRRec] [TID1672094800] recognizer_resumeSession return 0
I0101 00:49:39.251546   543 EngineWrapper.cpp:2190] [ASRRec] [TID1672094800] total_bytes left size ---> 318080
I0101 00:49:39.251601   543 EngineWrapper.cpp:2193] [ASRRec] [TID1672094800] recognizer_resumeSession nPutSize = 320
I0101 00:49:39.251885   543 EngineWrapper.cpp:2222] [ASRRec] [TID1672094800] recognizer_resumeSession return 0
I0101 00:49:39.251960   543 EngineWrapper.cpp:2190] [ASRRec] [TID1672094800] total_bytes left size ---> 317760
I0101 00:49:39.252012   543 EngineWrapper.cpp:2193] [ASRRec] [TID1672094800] recognizer_resumeSession nPutSize = 320
I0101 00:49:39.252372   543 EngineWrapper.cpp:2222] [ASRRec] [TID1672094800] recognizer_resumeSession return 0
I0101 00:49:39.252526   543 EngineWrapper.cpp:2190] [ASRRec] [TID1672094800] total_bytes left size ---> 317440
I0101 00:49:39.252586   543 EngineWrapper.cpp:2193] [ASRRec] [TID1672094800] recognizer_resumeSession nPutSize = 320
I0101 00:49:39.252935   543 EngineWrapper.cpp:2222] [ASRRec] [TID1672094800] recognizer_resumeSession return 0
I0101 00:49:39.253072   543 EngineWrapper.cpp:2190] [ASRRec] [TID1672094800] total_bytes left size ---> 317120
I0101 00:49:39.253128   543 EngineWrapper.cpp:2193] [ASRRec] [TID1672094800] recognizer_resumeSession nPutSize = 320
I0101 00:49:39.253404   543 EngineWrapper.cpp:2222] [ASRRec] [TID1672094800] recognizer_resumeSession return 0
I0101 00:49:39.253479   543 EngineWrapper.cpp:2190] [ASRRec] [TID1672094800] total_bytes left size ---> 316800
I0101 00:49:39.253526   543 EngineWrapper.cpp:2193] [ASRRec] [TID1672094800] recognizer_resumeSession nPutSize = 320
I0101 00:49:39.286618   543 EngineWrapper.cpp:2222] [ASRRec] [TID1672094800] recognizer_resumeSession return 0
I0101 00:49:39.289484   543 asap_alsaaudio.cpp:1686] [pa_recorder_fetch_data] [TID1672094800] el_recorder_fetch_data *pLen = 3200
I0101 00:49:39.290194   543 EngineWrapper.cpp:2190] [ASRRec] [TID1672094800] total_bytes left size ---> 316480
I0101 00:49:39.290382   543 EngineWrapper.cpp:2193] [ASRRec] [TID1672094800] recognizer_resumeSession nPutSize = 320
